<html>
<body>
<pre>
<h1>µVision Build Log</h1>
<h2>Tool Versions:</h2>
IDE-Version: µVision V5.24.2.0
Copyright (C) 2017 ARM Ltd and ARM Germany GmbH. All rights reserved.
License Information: Ryan Wang, McGill, LIC=----
 
Tool Versions:
Toolchain:       MDK-Lite  Version: 5.24.1
Toolchain Path:  D:\Keil_v5\ARM\ARMCC\Bin
C Compiler:      Armcc.exe V5.06 update 5 (build 528)
Assembler:       Armasm.exe V5.06 update 5 (build 528)
Linker/Locator:  ArmLink.exe V5.06 update 5 (build 528)
Library Manager: ArmAr.exe V5.06 update 5 (build 528)
Hex Converter:   FromElf.exe V5.06 update 5 (build 528)
CPU DLL:         SARMCM3.DLL V5.24.1
Dialog DLL:      DCM.DLL V1.16.0.0
Target DLL:      STLink\ST-LINKIII-KEIL_SWO.dll V3.0.1.0
Dialog DLL:      TCM.DLL V1.32.0.0
 
<h2>Project:</h2>
D:\ECSE_426\ECSE426-Labs\Lab3_STM32F4_Base_project\MDK-ARM\lab3.uvprojx
Project File Date:  11/15/2017

<h2>Output:</h2>
*** Using Compiler 'V5.06 update 5 (build 528)', folder: 'D:\Keil_v5\ARM\ARMCC\Bin'
Build target 'lab3 Configuration'
compiling main.c...
../Inc/accelerometer.h(3): warning:  #1-D: last line of file ends without a newline
  void Read_ACC(float *value);
../Inc/display.h(4): warning:  #1-D: last line of file ends without a newline
  void digitSelect(int* digitArray,int currentDigit );
../Src/main.c(52): warning:  #1295-D: Deprecated declaration toggleDigit - give arg types
  int toggleDigit();
../Src/main.c(54): warning:  #1295-D: Deprecated declaration deleteLastInBuffer - give arg types
  void deleteLastInBuffer();
../Src/main.c(55): warning:  #1295-D: Deprecated declaration initializeDisplayToZero - give arg types
  void initializeDisplayToZero();
../Src/main.c(56): warning:  #1295-D: Deprecated declaration concatenateArray - give arg types
  int concatenateArray();
../Src/main.c(329): warning:  #1035-D: single-precision operand implicitly converted to double-precision
  		convertedTo180scale= calculated+90.5;//adding .5 to cast to int properly
../Src/main.c(341): warning:  #1035-D: single-precision operand implicitly converted to double-precision
  		convertedTo180scale= calculated+90.5;//adding .5 to cast to int properly
../Src/main.c(498): warning:  #1-D: last line of file ends without a newline
  /************************ (C) COPYRIGHT STMicroelectronics *****END OF FILE****/
../Src/main.c: 9 warnings, 0 errors
linking...
Program Size: Code=16972 RO-data=724 RW-data=240 ZI-data=1416  
"lab3 Configuration/\.axf" - 0 Error(s), 9 Warning(s).

<h2>Software Packages used:</h2>

Package Vendor: ARM
                http://www.keil.com/pack/ARM.CMSIS.5.0.1.pack
                ARM.CMSIS.5.0.1
                CMSIS (Cortex Microcontroller Software Interface Standard)
   * Component: CORE Version: 5.0.1

Package Vendor: Keil
                http://www.keil.com/pack/Keil.STM32F4xx_DFP.2.11.0.pack
                Keil.STM32F4xx_DFP.2.11.0
                STMicroelectronics STM32F4 Series Device Support, Drivers and Examples

<h2>Collection of Component include folders:</h2>
  .\RTE\_lab3_Configuration
  D:\Keil_v5\ARM\PACK\ARM\CMSIS\5.0.1\CMSIS\Include
  D:\Keil_v5\ARM\PACK\Keil\STM32F4xx_DFP\2.11.0\Drivers\CMSIS\Device\ST\STM32F4xx\Include

<h2>Collection of Component Files used:</h2>

   * Component: ARM::CMSIS:CORE:5.0.1
Build Time Elapsed:  00:00:02
</pre>
</body>
</html>
