Component: ARM Compiler 5.06 update 5 (build 528) Tool: armlink [4d35e2]

==============================================================================

Section Cross References

    main.o(.text) refers to rt_cmsis.o(i.osSemaphoreWait) for osSemaphoreWait
    main.o(.text) refers to rt_cmsis.o(i.osThreadYield) for osThreadYield
    main.o(.text) refers to printf2.o(i.__0printf$2) for __2printf
    main.o(.text) refers to rt_cmsis.o(i.osSemaphoreRelease) for osSemaphoreRelease
    main.o(.text) refers to rt_cmsis.o(i.osThreadCreate) for osThreadCreate
    main.o(.text) refers to stm32f4xx_hal_rcc.o(.text) for HAL_RCC_OscConfig
    main.o(.text) refers to stm32f4xx_hal_cortex.o(.text) for HAL_NVIC_EnableIRQ
    main.o(.text) refers to lis3dsh_1.o(.text) for LIS3DSH_Init
    main.o(.text) refers to rt_cmsis.o(i.osKernelInitialize) for osKernelInitialize
    main.o(.text) refers to rt_cmsis.o(i.osSemaphoreCreate) for osSemaphoreCreate
    main.o(.text) refers to gpio.o(.text) for MX_GPIO_Init
    main.o(.text) refers to stm32f4xx_hal.o(.text) for HAL_Init
    main.o(.text) refers to tim.o(.text) for MX_TIM4_Init
    main.o(.text) refers to stm32f4xx_hal_tim.o(.text) for HAL_TIM_Base_Start_IT
    main.o(.text) refers to accelerometer.o(.text) for start_acc_thread
    main.o(.text) refers to keypad.o(.text) for start_kp_thread
    main.o(.text) refers to rt_cmsis.o(i.osKernelStart) for osKernelStart
    main.o(.text) refers to rt_time.o(.data) for os_time
    main.o(.text) refers to main.o(.data) for read_kp_flag_sem
    main.o(.text) refers to main.o(.constdata) for .constdata
    main.o(.text) refers to tim.o(.bss) for htim2
    main.o(.constdata) refers to main.o(.data) for os_semaphore_cb_read_kp_flag_sem
    main.o(.constdata) refers to main.o(.text) for thread_temp
    thread_led.o(.text) refers to rt_cmsis.o(i.osThreadCreate) for osThreadCreate
    thread_led.o(.text) refers to rt_cmsis.o(i.osDelay) for osDelay
    thread_led.o(.text) refers to stm32f4xx_hal_gpio.o(.text) for HAL_GPIO_TogglePin
    thread_led.o(.text) refers to thread_led.o(.constdata) for os_thread_def_Thread_LED_1
    thread_led.o(.text) refers to thread_led.o(.data) for tid_Thread_LED_1
    thread_led.o(.text) refers to thread_led.o(.bss) for LED_configuration
    thread_led.o(.constdata) refers to thread_led.o(.text) for Thread_LED_1
    supporting_functions.o(.text) refers to printf2.o(i.__0printf$2) for __2printf
    gpio.o(.text) refers to stm32f4xx_hal_gpio.o(.text) for HAL_GPIO_Init
    accelerometer.o(.text) refers to rt_cmsis.o(i.osSignalSet) for osSignalSet
    accelerometer.o(.text) refers to rt_cmsis.o(i.osSignalWait) for osSignalWait
    accelerometer.o(.text) refers to lis3dsh_1.o(.text) for LIS3DSH_Read
    accelerometer.o(.text) refers to printf2.o(i.__0printf$2) for __2printf
    accelerometer.o(.text) refers to rt_cmsis.o(i.osThreadCreate) for osThreadCreate
    accelerometer.o(.text) refers to accelerometer.o(.data) for Read_Raw_ACC_Id
    accelerometer.o(.text) refers to accelerometer.o(.bss) for Buffer
    accelerometer.o(.text) refers to accelerometer.o(.constdata) for os_thread_def_Read_Raw_ACC
    accelerometer.o(.constdata) refers to accelerometer.o(.text) for Read_Raw_ACC
    stm32f4xx_hal_msp.o(.text) refers to stm32f4xx_hal_cortex.o(.text) for HAL_NVIC_SetPriorityGrouping
    stm32f4xx_it.o(.text) refers to stm32f4xx_hal_gpio.o(.text) for HAL_GPIO_EXTI_IRQHandler
    stm32f4xx_it.o(.text) refers to stm32f4xx_hal_tim.o(.text) for HAL_TIM_IRQHandler
    stm32f4xx_it.o(.text) refers to tim.o(.bss) for htim2
    stm32f4xx_it.o(.text) refers to main.o(.data) for digselect_flag
    stm32f4xx_it.o(.text) refers to main.o(.constdata) for DISPLAY_COUNTER_MAX
    keypad.o(.text) refers to stm32f4xx_hal_gpio.o(.text) for HAL_GPIO_Init
    keypad.o(.text) refers to printf2.o(i.__0printf$2) for __2printf
    keypad.o(.text) refers to rt_cmsis.o(i.osDelay) for osDelay
    keypad.o(.text) refers to rt_cmsis.o(i.osThreadCreate) for osThreadCreate
    keypad.o(.text) refers to keypad.o(.data) for counter
    keypad.o(.text) refers to keypad.o(.constdata) for KEYPAD_MAP
    keypad.o(.text) refers to main.o(.data) for sleep_flag
    keypad.o(.constdata) refers to keypad.o(.text) for Read_KP_Value
    tim.o(.text) refers to stm32f4xx_hal_tim.o(.text) for HAL_TIM_Base_Init
    tim.o(.text) refers to main.o(.text) for _Error_Handler
    tim.o(.text) refers to stm32f4xx_hal_tim_ex.o(.text) for HAL_TIMEx_MasterConfigSynchronization
    tim.o(.text) refers to stm32f4xx_hal_gpio.o(.text) for HAL_GPIO_Init
    tim.o(.text) refers to stm32f4xx_hal_cortex.o(.text) for HAL_NVIC_SetPriority
    tim.o(.text) refers to tim.o(.bss) for htim2
    lis3dsh_1.o(.text) refers to stm32f4xx_hal_gpio.o(.text) for HAL_GPIO_WritePin
    lis3dsh_1.o(.text) refers to stm32f4xx_hal_spi.o(.text) for HAL_SPI_DeInit
    lis3dsh_1.o(.text) refers to printf2.o(i.__0printf$2) for __2printf
    lis3dsh_1.o(.text) refers to f2d.o(.text) for __aeabi_f2d
[...]
    i.svcKernelStart                         0x08009334   Section        0  rt_cmsis.o(i.svcKernelStart)
    i.svcMessageCreate                       0x0800937c   Section        0  rt_cmsis.o(i.svcMessageCreate)
    i.svcMessageGet                          0x080093a0   Section        0  rt_cmsis.o(i.svcMessageGet)
    i.svcSemaphoreCreate                     0x080093da   Section        0  rt_cmsis.o(i.svcSemaphoreCreate)
    i.svcSemaphoreRelease                    0x080093fe   Section        0  rt_cmsis.o(i.svcSemaphoreRelease)
    i.svcSemaphoreWait                       0x08009426   Section        0  rt_cmsis.o(i.svcSemaphoreWait)
    i.svcSignalSet                           0x08009458   Section        0  rt_cmsis.o(i.svcSignalSet)
    i.svcSignalWait                          0x0800947c   Section        0  rt_cmsis.o(i.svcSignalWait)
    i.svcThreadCreate                        0x080094d0   Section        0  rt_cmsis.o(i.svcThreadCreate)
    i.svcThreadGetId                         0x08009540   Section        0  rt_cmsis.o(i.svcThreadGetId)
    i.svcThreadTerminate                     0x0800955c   Section        0  rt_cmsis.o(i.svcThreadTerminate)
    i.svcThreadYield                         0x08009594   Section        0  rt_cmsis.o(i.svcThreadYield)
    i.svcTimerCall                           0x0800959e   Section        0  rt_cmsis.o(i.svcTimerCall)
    i.sysTimerTick                           0x080095b8   Section        0  rt_cmsis.o(i.sysTimerTick)
    .constdata                               0x08009614   Section       24  main.o(.constdata)
    .constdata                               0x0800962c   Section       20  accelerometer.o(.constdata)
    .constdata                               0x08009640   Section       64  keypad.o(.constdata)
    .constdata                               0x08009680   Section      104  rtx_conf_cm.o(.constdata)
    __tagsym$$used                           0x0800969c   Number         0  rtx_conf_cm.o(.constdata)
    __tagsym$$used                           0x080096a0   Number         0  rtx_conf_cm.o(.constdata)
    __tagsym$$used                           0x080096a4   Number         0  rtx_conf_cm.o(.constdata)
    __tagsym$$used                           0x080096a8   Number         0  rtx_conf_cm.o(.constdata)
    .constdata                               0x080096e8   Section        8  stm32f4xx_hal_dma.o(.constdata)
    flagBitshiftOffset                       0x080096e8   Data           8  stm32f4xx_hal_dma.o(.constdata)
    .constdata                               0x080096f0   Section       16  stm32f4xx_hal_rcc.o(.constdata)
    .constdata                               0x08009700   Section       16  system_stm32f4xx.o(.constdata)
    .data                                    0x20000000   Section       36  main.o(.data)
    .data                                    0x20000024   Section      160  accelerometer.o(.data)
    .data                                    0x200000c4   Section        9  keypad.o(.data)
    counter                                  0x200000c8   Data           4  keypad.o(.data)
    temp                                     0x200000cc   Data           1  keypad.o(.data)
    .data                                    0x200000d0   Section        4  lis3dsh_1.o(.data)
    .data                                    0x200000d4   Section       16  rtx_conf_cm.o(.data)
    .data                                    0x200000e4   Section        4  stm32f4xx_hal.o(.data)
    uwTick                                   0x200000e4   Data           4  stm32f4xx_hal.o(.data)
    .data                                    0x200000e8   Section        4  system_stm32f4xx.o(.data)
    .data                                    0x200000ec   Section        8  rt_cmsis.o(.data)
    .data                                    0x200000f4   Section        4  rt_time.o(.data)
    .data                                    0x200000f8   Section        8  rt_task.o(.data)
    .data                                    0x20000100   Section        8  rt_system.o(.data)
    os_lock                                  0x20000100   Data           1  rt_system.o(.data)
    os_psh_flag                              0x20000101   Data           1  rt_system.o(.data)
    pend_flags                               0x20000102   Data           1  rt_system.o(.data)
    .data                                    0x20000108   Section        1  hal_cm.o(.data)
    .data                                    0x2000010c   Section        8  rt_robin.o(.data)
    .data                                    0x20000114   Section        4  stdout.o(.data)
    .bss                                     0x20000118   Section      108  accelerometer.o(.bss)
    .bss                                     0x20000184   Section      120  tim.o(.bss)
    .bss                                     0x200001fc   Section       88  lis3dsh_1.o(.bss)
    .bss                                     0x20000258   Section    18336  rtx_conf_cm.o(.bss)
    .bss                                     0x200049f8   Section       52  rt_task.o(.bss)
    .bss                                     0x20004a2c   Section       48  rt_list.o(.bss)
    STACK                                    0x20004a60   Section     1024  startup_stm32f407xx.o(STACK)

    Global Symbols

    Symbol Name                              Value     Ov Type        Size  Object(Section)

    BuildAttributes$$THM_ISAv4$E$P$D$K$B$S$7EM$VFPi3$EXTD16$VFPS$VFMA$PE$A:L22UL41UL21$X:L11$S22US41US21$IEEE1$IW$USESV6$~STKCKD$USESV7$~SHL$OTIME$ROPI$EBA8$MICROLIB$REQ8$PRES8$EABIv2 0x00000000   Number         0  anon$$obj.o ABSOLUTE
    __ARM_use_no_argv                        0x00000000   Number         0  main.o ABSOLUTE
    _printf_a                                0x00000000   Number         0  stubs.o ABSOLUTE
    _printf_c                                0x00000000   Number         0  stubs.o ABSOLUTE
    _printf_charcount                        0x00000000   Number         0  stubs.o ABSOLUTE
    _printf_d                                0x00000000   Number         0  stubs.o ABSOLUTE
    _printf_e                                0x00000000   Number         0  stubs.o ABSOLUTE
    _printf_f                                0x00000000   Number         0  stubs.o ABSOLUTE
    _printf_flags                            0x00000000   Number         0  stubs.o ABSOLUTE
    _printf_fp_dec                           0x00000000   Number         0  stubs.o ABSOLUTE
    _printf_fp_hex                           0x00000000   Number         0  stubs.o ABSOLUTE
    _printf_g                                0x00000000   Number         0  stubs.o ABSOLUTE
    _printf_i                                0x00000000   Number         0  stubs.o ABSOLUTE
    _printf_int_dec                          0x00000000   Number         0  stubs.o ABSOLUTE
    _printf_l                                0x00000000   Number         0  stubs.o ABSOLUTE
    _printf_lc                               0x00000000   Number         0  stubs.o ABSOLUTE
    _printf_ll                               0x00000000   Number         0  stubs.o ABSOLUTE
    _printf_lld                              0x00000000   Number         0  stubs.o ABSOLUTE
    _printf_lli                              0x00000000   Number         0  stubs.o ABSOLUTE
    _printf_llo                              0x00000000   Number         0  stubs.o ABSOLUTE
    _printf_llu                              0x00000000   Number         0  stubs.o ABSOLUTE
    _printf_llx                              0x00000000   Number         0  stubs.o ABSOLUTE
    _printf_longlong_dec                     0x00000000   Number         0  stubs.o ABSOLUTE
    _printf_longlong_hex                     0x00000000   Number         0  stubs.o ABSOLUTE
    _printf_longlong_oct                     0x00000000   Number         0  stubs.o ABSOLUTE
    _printf_ls                               0x00000000   Number         0  stubs.o ABSOLUTE
    _printf_mbtowc                           0x00000000   Number         0  stubs.o ABSOLUTE
    _printf_n                                0x00000000   Number         0  stubs.o ABSOLUTE
    _printf_o                                0x00000000   Number         0  stubs.o ABSOLUTE
    _printf_p                                0x00000000   Number         0  stubs.o ABSOLUTE
    _printf_percent                          0x00000000   Number         0  stubs.o ABSOLUTE
    _printf_pre_padding                      0x00000000   Number         0  stubs.o ABSOLUTE
    _printf_return_value                     0x00000000   Number         0  stubs.o ABSOLUTE
    _printf_s                                0x00000000   Number         0  stubs.o ABSOLUTE
    _printf_sizespec                         0x00000000   Number         0  stubs.o ABSOLUTE
    _printf_str                              0x00000000   Number         0  stubs.o ABSOLUTE
    _printf_truncate_signed                  0x00000000   Number         0  stubs.o ABSOLUTE
    _printf_truncate_unsigned                0x00000000   Number         0  stubs.o ABSOLUTE
    _printf_u                                0x00000000   Number         0  stubs.o ABSOLUTE
    _printf_wc                               0x00000000   Number         0  stubs.o ABSOLUTE
    _printf_wctomb                           0x00000000   Number         0  stubs.o ABSOLUTE
    _printf_widthprec                        0x00000000   Number         0  stubs.o ABSOLUTE
    _printf_x                                0x00000000   Number         0  stubs.o ABSOLUTE
    __cpp_initialize__aeabi_                  - Undefined Weak Reference
    __cxa_finalize                            - Undefined Weak Reference
    __decompress                              - Undefined Weak Reference
    _clock_init                               - Undefined Weak Reference
    _microlib_exit                            - Undefined Weak Reference
    __Vectors_Size                           0x00000188   Number         0  startup_stm32f407xx.o ABSOLUTE
    __RL_RTX_VER                             0x00000481   Number         0  rt_system.o ABSOLUTE
    __Vectors                                0x08000000   Data           4  startup_stm32f407xx.o(RESET)
    __Vectors_End                            0x08000188   Data           0  startup_stm32f407xx.o(RESET)
    __main                                   0x08000189   Thumb Code     0  entry.o(.ARM.Collect$$$$00000000)
    _main_stk                                0x08000189   Thumb Code     0  entry2.o(.ARM.Collect$$$$00000001)
    _main_scatterload                        0x0800018d   Thumb Code     0  entry5.o(.ARM.Collect$$$$00000004)
    __main_after_scatterload                 0x08000191   Thumb Code     0  entry5.o(.ARM.Collect$$$$00000004)
    __rt_final_cpp                           0x08000191   Thumb Code     0  entry10a.o(.ARM.Collect$$$$0000000D)
    __rt_final_exit                          0x08000191   Thumb Code     0  entry11a.o(.ARM.Collect$$$$0000000F)
    _main_clock                              0x08000191   Thumb Code     0  entry7b.o(.ARM.Collect$$$$00000008)
    _main_cpp_init                           0x08000191   Thumb Code     0  entry8b.o(.ARM.Collect$$$$0000000A)
    _main_init                               0x08000191   Thumb Code    18  rtx_conf_cm.o(.ARM.Collect$$$$000000FF)
    rt_set_PSP                               0x080001ad   Thumb Code     6  hal_cm4.o(.emb_text)
    rt_get_PSP                               0x080001b3   Thumb Code     6  hal_cm4.o(.emb_text)
    os_set_env                               0x080001b9   Thumb Code    24  hal_cm4.o(.emb_text)
    _alloc_box                               0x080001d5   Thumb Code    28  hal_cm4.o(.emb_text)
    _free_box                                0x080001f5   Thumb Code    28  hal_cm4.o(.emb_text)
    SVC_Handler                              0x08000215   Thumb Code   168  hal_cm4.o(.emb_text)
    PendSV_Handler                           0x080002cd   Thumb Code    96  hal_cm4.o(.emb_text)
    SysTick_Handler                          0x08000331   Thumb Code     8  hal_cm4.o(.emb_text)
    OS_Tick_Handler                          0x08000339   Thumb Code    12  hal_cm4.o(.emb_text)
    HAL_GetTick                              0x08000345   Thumb Code     6  main.o(.text)
    thread_temp                              0x0800034b   Thumb Code    48  main.o(.text)
    start_temp_thread                        0x0800037b   Thumb Code    22  main.o(.text)
    SystemClock_Config                       0x08000391   Thumb Code   142  main.o(.text)
    MX_NVIC_Init                             0x0800041f   Thumb Code    20  main.o(.text)
    initializeACC                            0x08000433   Thumb Code    80  main.o(.text)
    main                                     0x08000483   Thumb Code   106  main.o(.text)
    _Error_Handler                           0x080004ed   Thumb Code     4  main.o(.text)
    MX_GPIO_Init                             0x08000529   Thumb Code   564  gpio.o(.text)
    HAL_GPIO_EXTI_Callback                   0x08000779   Thumb Code    20  accelerometer.o(.text)
    zeroOrArrayPos                           0x0800078d   Thumb Code    20  accelerometer.o(.text)
    Apply_IIR_Filter                         0x080007a1   Thumb Code   148  accelerometer.o(.text)
    Read_Raw_ACC                             0x08000835   Thumb Code    98  accelerometer.o(.text)
    Calibrate_ACC_Value                      0x08000897   Thumb Code   264  accelerometer.o(.text)
    Get_Final_ACC_Value                      0x0800099f   Thumb Code    72  accelerometer.o(.text)
    start_acc_thread                         0x080009e7   Thumb Code    26  accelerometer.o(.text)
    fputc                                    0x08000a5d   Thumb Code    52  fput_debug.o(.text)
    HAL_MspInit                              0x08000a95   Thumb Code    20  stm32f4xx_hal_msp.o(.text)
    EXTI0_IRQHandler                         0x08000aa9   Thumb Code    10  stm32f4xx_it.o(.text)
    TIM2_IRQHandler                          0x08000ab3   Thumb Code    38  stm32f4xx_it.o(.text)
    Row_Out_Col_In                           0x08000ae9   Thumb Code   118  keypad.o(.text)
    Row_In_Col_Out                           0x08000b5f   Thumb Code   118  keypad.o(.text)
    Get_Col_Pin_In_Reset_Mode                0x08000bd5   Thumb Code    56  keypad.o(.text)
    Get_Row_Pin_In_Reset_Mode                0x08000c0d   Thumb Code    72  keypad.o(.text)
    Read_KP_Value                            0x08000c55   Thumb Code   580  keypad.o(.text)
    start_kp_thread                          0x08000e99   Thumb Code    16  keypad.o(.text)
    MX_TIM2_Init                             0x08000ee9   Thumb Code   100  tim.o(.text)
    HAL_TIM_MspPostInit                      0x08000f4d   Thumb Code   108  tim.o(.text)
    MX_TIM4_Init                             0x08000fb9   Thumb Code   214  tim.o(.text)
    HAL_TIM_Base_MspInit                     0x0800108f   Thumb Code   104  tim.o(.text)
    HAL_TIM_Base_MspDeInit                   0x080010f7   Thumb Code    54  tim.o(.text)
    SPI_ReceiveData                          0x0800115d   Thumb Code    10  lis3dsh_1.o(.text)
    LIS3DSH_TIMEOUT_UserCallback             0x08001167   Thumb Code     4  lis3dsh_1.o(.text)
    SPI_SendData                             0x0800116b   Thumb Code     6  lis3dsh_1.o(.text)
    LIS3DSH_Write                            0x080011dd   Thumb Code    62  lis3dsh_1.o(.text)
    LIS3DSH_Init                             0x0800121b   Thumb Code   170  lis3dsh_1.o(.text)
    LIS3DSH_Read                             0x080012c5   Thumb Code    70  lis3dsh_1.o(.text)
    LIS3DSH_DataReadyInterruptConfig         0x0800130b   Thumb Code    42  lis3dsh_1.o(.text)
    LIS3DSH_LowpowerCmd                      0x08001335   Thumb Code    40  lis3dsh_1.o(.text)
    LIS3DSH_DataRateCmd                      0x0800135d   Thumb Code    44  lis3dsh_1.o(.text)
    LIS3DSH_FullScaleCmd                     0x08001389   Thumb Code    44  lis3dsh_1.o(.text)
    LIS3DSH_ReadACC                          0x080013b5   Thumb Code   628  lis3dsh_1.o(.text)
    HAL_SPI_MspInit                          0x08001629   Thumb Code   218  lis3dsh_1.o(.text)
    os_idle_demon                            0x0800171d   Thumb Code     4  rtx_conf_cm.o(.text)
    os_error                                 0x08001721   Thumb Code    34  rtx_conf_cm.o(.text)
    HAL_InitTick                             0x0800174f   Thumb Code    36  stm32f4xx_hal.o(.text)
    HAL_Init                                 0x08001773   Thumb Code    54  stm32f4xx_hal.o(.text)
    HAL_MspDeInit                            0x080017a9   Thumb Code    10  stm32f4xx_hal.o(.text)
    HAL_DeInit                               0x080017b3   Thumb Code    64  stm32f4xx_hal.o(.text)
    HAL_IncTick                              0x080017f3   Thumb Code    12  stm32f4xx_hal.o(.text)
    HAL_Delay                                0x08001805   Thumb Code    26  stm32f4xx_hal.o(.text)
    HAL_SuspendTick                          0x0800181f   Thumb Code    18  stm32f4xx_hal.o(.text)
    HAL_ResumeTick                           0x08001831   Thumb Code    18  stm32f4xx_hal.o(.text)
    HAL_GetHalVersion                        0x08001843   Thumb Code     4  stm32f4xx_hal.o(.text)
    HAL_GetREVID                             0x08001847   Thumb Code     8  stm32f4xx_hal.o(.text)
    HAL_GetDEVID                             0x0800184f   Thumb Code    10  stm32f4xx_hal.o(.text)
    HAL_DBGMCU_EnableDBGSleepMode            0x08001859   Thumb Code    14  stm32f4xx_hal.o(.text)
    HAL_DBGMCU_DisableDBGSleepMode           0x08001867   Thumb Code    14  stm32f4xx_hal.o(.text)
    HAL_DBGMCU_EnableDBGStopMode             0x08001875   Thumb Code    14  stm32f4xx_hal.o(.text)
    HAL_DBGMCU_DisableDBGStopMode            0x08001883   Thumb Code    14  stm32f4xx_hal.o(.text)
    HAL_DBGMCU_EnableDBGStandbyMode          0x08001891   Thumb Code    14  stm32f4xx_hal.o(.text)
    HAL_DBGMCU_DisableDBGStandbyMode         0x0800189f   Thumb Code    14  stm32f4xx_hal.o(.text)
    HAL_EnableCompensationCell               0x080018ad   Thumb Code    22  stm32f4xx_hal.o(.text)
    HAL_DisableCompensationCell              0x080018c3   Thumb Code    24  stm32f4xx_hal.o(.text)
    HAL_NVIC_SetPriorityGrouping             0x08001915   Thumb Code    36  stm32f4xx_hal_cortex.o(.text)
    HAL_NVIC_SetPriority                     0x08001939   Thumb Code   124  stm32f4xx_hal_cortex.o(.text)
    HAL_NVIC_EnableIRQ                       0x080019b5   Thumb Code    32  stm32f4xx_hal_cortex.o(.text)
    HAL_NVIC_DisableIRQ                      0x080019d5   Thumb Code    30  stm32f4xx_hal_cortex.o(.text)
    HAL_NVIC_SystemReset                     0x080019f3   Thumb Code    64  stm32f4xx_hal_cortex.o(.text)
    HAL_SYSTICK_Config                       0x08001a33   Thumb Code    52  stm32f4xx_hal_cortex.o(.text)
    HAL_MPU_ConfigRegion                     0x08001a67   Thumb Code    90  stm32f4xx_hal_cortex.o(.text)
    HAL_NVIC_GetPriorityGrouping             0x08001ac1   Thumb Code     8  stm32f4xx_hal_cortex.o(.text)
    HAL_NVIC_GetPriority                     0x08001ac9   Thumb Code   138  stm32f4xx_hal_cortex.o(.text)
    HAL_NVIC_SetPendingIRQ                   0x08001b53   Thumb Code    32  stm32f4xx_hal_cortex.o(.text)
    HAL_NVIC_GetPendingIRQ                   0x08001b73   Thumb Code    46  stm32f4xx_hal_cortex.o(.text)
    HAL_NVIC_ClearPendingIRQ                 0x08001ba1   Thumb Code    30  stm32f4xx_hal_cortex.o(.text)
    HAL_NVIC_GetActive                       0x08001bbf   Thumb Code    46  stm32f4xx_hal_cortex.o(.text)
    HAL_SYSTICK_CLKSourceConfig              0x08001bed   Thumb Code    40  stm32f4xx_hal_cortex.o(.text)
    HAL_SYSTICK_Callback                     0x08001c15   Thumb Code    10  stm32f4xx_hal_cortex.o(.text)
    HAL_SYSTICK_IRQHandler                   0x08001c1f   Thumb Code     8  stm32f4xx_hal_cortex.o(.text)
    HAL_DMA_Init                             0x08001c77   Thumb Code   128  stm32f4xx_hal_dma.o(.text)
    HAL_DMA_DeInit                           0x08001cf7   Thumb Code   100  stm32f4xx_hal_dma.o(.text)
    HAL_DMA_Start                            0x08001d87   Thumb Code    82  stm32f4xx_hal_dma.o(.text)
    HAL_DMA_Start_IT                         0x08001dd9   Thumb Code   106  stm32f4xx_hal_dma.o(.text)
    HAL_DMA_Abort                            0x08001e43   Thumb Code    94  stm32f4xx_hal_dma.o(.text)
    HAL_DMA_PollForTransfer                  0x08001ea1   Thumb Code   412  stm32f4xx_hal_dma.o(.text)
    HAL_DMA_IRQHandler                       0x0800203d   Thumb Code   530  stm32f4xx_hal_dma.o(.text)
    HAL_DMA_GetState                         0x0800224f   Thumb Code     8  stm32f4xx_hal_dma.o(.text)
    HAL_DMA_GetError                         0x08002257   Thumb Code     6  stm32f4xx_hal_dma.o(.text)
    HAL_GPIO_Init                            0x08002261   Thumb Code   476  stm32f4xx_hal_gpio.o(.text)
    HAL_GPIO_DeInit                          0x0800243d   Thumb Code   326  stm32f4xx_hal_gpio.o(.text)
    HAL_GPIO_ReadPin                         0x08002583   Thumb Code    16  stm32f4xx_hal_gpio.o(.text)
    HAL_GPIO_WritePin                        0x08002593   Thumb Code    12  stm32f4xx_hal_gpio.o(.text)
    HAL_GPIO_TogglePin                       0x0800259f   Thumb Code     8  stm32f4xx_hal_gpio.o(.text)
    HAL_GPIO_LockPin                         0x080025a7   Thumb Code    46  stm32f4xx_hal_gpio.o(.text)
    HAL_GPIO_EXTI_IRQHandler                 0x080025df   Thumb Code    28  stm32f4xx_hal_gpio.o(.text)
    HAL_RCC_OscConfig                        0x0800262f   Thumb Code  1032  stm32f4xx_hal_rcc.o(.text)
    HAL_RCC_ClockConfig                      0x08002a37   Thumb Code   680  stm32f4xx_hal_rcc.o(.text)
    HAL_RCC_MCOConfig                        0x08002cdf   Thumb Code   178  stm32f4xx_hal_rcc.o(.text)
    HAL_RCC_EnableCSS                        0x08002d91   Thumb Code     8  stm32f4xx_hal_rcc.o(.text)
    HAL_RCC_DisableCSS                       0x08002d99   Thumb Code     8  stm32f4xx_hal_rcc.o(.text)
    HAL_RCC_GetSysClockFreq                  0x08002da1   Thumb Code   198  stm32f4xx_hal_rcc.o(.text)
    HAL_RCC_GetHCLKFreq                      0x08002e67   Thumb Code    42  stm32f4xx_hal_rcc.o(.text)
    HAL_RCC_GetPCLK1Freq                     0x08002e91   Thumb Code    36  stm32f4xx_hal_rcc.o(.text)
    HAL_RCC_GetPCLK2Freq                     0x08002eb5   Thumb Code    36  stm32f4xx_hal_rcc.o(.text)
    HAL_RCC_GetOscConfig                     0x08002ed9   Thumb Code   296  stm32f4xx_hal_rcc.o(.text)
    HAL_RCC_GetClockConfig                   0x08003001   Thumb Code    58  stm32f4xx_hal_rcc.o(.text)
    HAL_RCC_CSSCallback                      0x0800303b   Thumb Code    10  stm32f4xx_hal_rcc.o(.text)
    HAL_RCC_NMI_IRQHandler                   0x08003045   Thumb Code    30  stm32f4xx_hal_rcc.o(.text)
    HAL_SPI_Init                             0x0800307b   Thumb Code   136  stm32f4xx_hal_spi.o(.text)
    HAL_SPI_MspDeInit                        0x08003103   Thumb Code     2  stm32f4xx_hal_spi.o(.text)
    HAL_SPI_DeInit                           0x08003105   Thumb Code    48  stm32f4xx_hal_spi.o(.text)
    HAL_SPI_Transmit                         0x08003249   Thumb Code   450  stm32f4xx_hal_spi.o(.text)
    HAL_SPI_TransmitReceive                  0x0800340b   Thumb Code   850  stm32f4xx_hal_spi.o(.text)
    HAL_SPI_Receive                          0x0800375d   Thumb Code   572  stm32f4xx_hal_spi.o(.text)
    HAL_SPI_ErrorCallback                    0x08003999   Thumb Code     2  stm32f4xx_hal_spi.o(.text)
    HAL_SPI_TxCpltCallback                   0x0800399b   Thumb Code     2  stm32f4xx_hal_spi.o(.text)
    HAL_SPI_TxRxCpltCallback                 0x0800399d   Thumb Code     2  stm32f4xx_hal_spi.o(.text)
    HAL_SPI_Transmit_IT                      0x08003a8d   Thumb Code   198  stm32f4xx_hal_spi.o(.text)
    HAL_SPI_RxCpltCallback                   0x08003b53   Thumb Code     2  stm32f4xx_hal_spi.o(.text)
    HAL_SPI_TransmitReceive_IT               0x08003c7b   Thumb Code   192  stm32f4xx_hal_spi.o(.text)
    HAL_SPI_Receive_IT                       0x08003d8d   Thumb Code   222  stm32f4xx_hal_spi.o(.text)
    HAL_SPI_TxHalfCpltCallback               0x08003f1b   Thumb Code     2  stm32f4xx_hal_spi.o(.text)
    HAL_SPI_Transmit_DMA                     0x08003f2b   Thumb Code   218  stm32f4xx_hal_spi.o(.text)
    HAL_SPI_RxHalfCpltCallback               0x0800417d   Thumb Code     2  stm32f4xx_hal_spi.o(.text)
    HAL_SPI_TxRxHalfCpltCallback             0x080041c5   Thumb Code     2  stm32f4xx_hal_spi.o(.text)
    HAL_SPI_TransmitReceive_DMA              0x080041d5   Thumb Code   324  stm32f4xx_hal_spi.o(.text)
    HAL_SPI_Receive_DMA                      0x08004319   Thumb Code   288  stm32f4xx_hal_spi.o(.text)
    HAL_SPI_DMAPause                         0x08004439   Thumb Code    62  stm32f4xx_hal_spi.o(.text)
    HAL_SPI_DMAResume                        0x08004477   Thumb Code    62  stm32f4xx_hal_spi.o(.text)
    HAL_SPI_DMAStop                          0x080044b5   Thumb Code    58  stm32f4xx_hal_spi.o(.text)
    HAL_SPI_IRQHandler                       0x080044ef   Thumb Code   262  stm32f4xx_hal_spi.o(.text)
    HAL_SPI_GetState                         0x080045f5   Thumb Code     8  stm32f4xx_hal_spi.o(.text)
    HAL_SPI_GetError                         0x080045fd   Thumb Code     6  stm32f4xx_hal_spi.o(.text)
    TIM_Base_SetConfig                       0x08004611   Thumb Code   184  stm32f4xx_hal_tim.o(.text)
    HAL_TIM_Base_Init                        0x080046cb   Thumb Code    52  stm32f4xx_hal_tim.o(.text)
    HAL_TIM_Base_DeInit                      0x08004701   Thumb Code    70  stm32f4xx_hal_tim.o(.text)
    HAL_TIM_Base_Start                       0x08004747   Thumb Code    30  stm32f4xx_hal_tim.o(.text)
    HAL_TIM_Base_Stop                        0x08004765   Thumb Code    56  stm32f4xx_hal_tim.o(.text)
    HAL_TIM_Base_Start_IT                    0x0800479d   Thumb Code    30  stm32f4xx_hal_tim.o(.text)
    HAL_TIM_Base_Stop_IT                     0x080047bb   Thumb Code    56  stm32f4xx_hal_tim.o(.text)
    HAL_TIM_ErrorCallback                    0x080047f3   Thumb Code     2  stm32f4xx_hal_tim.o(.text)
    TIM_DMAError                             0x080047f5   Thumb Code    20  stm32f4xx_hal_tim.o(.text)
    HAL_TIM_PeriodElapsedCallback            0x08004809   Thumb Code     2  stm32f4xx_hal_tim.o(.text)
    HAL_TIM_Base_Start_DMA                   0x0800481f   Thumb Code    98  stm32f4xx_hal_tim.o(.text)
    HAL_TIM_Base_Stop_DMA                    0x08004881   Thumb Code    62  stm32f4xx_hal_tim.o(.text)
    HAL_TIM_OC_MspInit                       0x080048bf   Thumb Code     2  stm32f4xx_hal_tim.o(.text)
    HAL_TIM_OC_Init                          0x080048c1   Thumb Code    52  stm32f4xx_hal_tim.o(.text)
    HAL_TIM_OC_MspDeInit                     0x080048f5   Thumb Code     2  stm32f4xx_hal_tim.o(.text)
    HAL_TIM_OC_DeInit                        0x080048f7   Thumb Code    70  stm32f4xx_hal_tim.o(.text)
    TIM_CCxChannelCmd                        0x0800493d   Thumb Code    28  stm32f4xx_hal_tim.o(.text)
    HAL_TIM_OC_Start                         0x08004959   Thumb Code    68  stm32f4xx_hal_tim.o(.text)
    HAL_TIM_OC_Stop                          0x0800499d   Thumb Code   170  stm32f4xx_hal_tim.o(.text)
    HAL_TIM_OC_Start_IT                      0x08004a47   Thumb Code   144  stm32f4xx_hal_tim.o(.text)
    HAL_TIM_OC_Stop_IT                       0x08004ad7   Thumb Code   196  stm32f4xx_hal_tim.o(.text)
    HAL_TIM_PWM_PulseFinishedCallback        0x08004b9b   Thumb Code     2  stm32f4xx_hal_tim.o(.text)
    TIM_DMADelayPulseCplt                    0x08004b9d   Thumb Code    70  stm32f4xx_hal_tim.o(.text)
    HAL_TIM_OC_Start_DMA                     0x08004be3   Thumb Code   312  stm32f4xx_hal_tim.o(.text)
    HAL_TIM_OC_Stop_DMA                      0x08004d1b   Thumb Code   202  stm32f4xx_hal_tim.o(.text)
    HAL_TIM_PWM_MspInit                      0x08004de5   Thumb Code     2  stm32f4xx_hal_tim.o(.text)
    HAL_TIM_PWM_Init                         0x08004de7   Thumb Code    52  stm32f4xx_hal_tim.o(.text)
    HAL_TIM_PWM_MspDeInit                    0x08004e1b   Thumb Code     2  stm32f4xx_hal_tim.o(.text)
    HAL_TIM_PWM_DeInit                       0x08004e1d   Thumb Code    70  stm32f4xx_hal_tim.o(.text)
    HAL_TIM_PWM_Start                        0x08004e63   Thumb Code    78  stm32f4xx_hal_tim.o(.text)
    HAL_TIM_PWM_Stop                         0x08004eb1   Thumb Code   126  stm32f4xx_hal_tim.o(.text)
    HAL_TIM_PWM_Start_IT                     0x08004f2f   Thumb Code   144  stm32f4xx_hal_tim.o(.text)
    HAL_TIM_PWM_Stop_IT                      0x08004fbf   Thumb Code   196  stm32f4xx_hal_tim.o(.text)
    HAL_TIM_PWM_Start_DMA                    0x08005083   Thumb Code   312  stm32f4xx_hal_tim.o(.text)
    HAL_TIM_PWM_Stop_DMA                     0x080051bb   Thumb Code   202  stm32f4xx_hal_tim.o(.text)
    HAL_TIM_IC_MspInit                       0x08005285   Thumb Code     2  stm32f4xx_hal_tim.o(.text)
    HAL_TIM_IC_Init                          0x08005287   Thumb Code    62  stm32f4xx_hal_tim.o(.text)
    HAL_TIM_IC_MspDeInit                     0x080052c5   Thumb Code     2  stm32f4xx_hal_tim.o(.text)
    HAL_TIM_IC_DeInit                        0x080052c7   Thumb Code    70  stm32f4xx_hal_tim.o(.text)
    HAL_TIM_IC_Start                         0x0800530d   Thumb Code    32  stm32f4xx_hal_tim.o(.text)
    HAL_TIM_IC_Stop                          0x0800532d   Thumb Code    58  stm32f4xx_hal_tim.o(.text)
    HAL_TIM_IC_Start_IT                      0x08005367   Thumb Code   108  stm32f4xx_hal_tim.o(.text)
    HAL_TIM_IC_Stop_IT                       0x080053d3   Thumb Code   134  stm32f4xx_hal_tim.o(.text)
    HAL_TIM_IC_CaptureCallback               0x08005459   Thumb Code     2  stm32f4xx_hal_tim.o(.text)
    TIM_DMACaptureCplt                       0x0800545b   Thumb Code    70  stm32f4xx_hal_tim.o(.text)
    HAL_TIM_IC_Start_DMA                     0x080054a1   Thumb Code   276  stm32f4xx_hal_tim.o(.text)
    HAL_TIM_IC_Stop_DMA                      0x080055b5   Thumb Code   140  stm32f4xx_hal_tim.o(.text)
    HAL_TIM_OnePulse_MspInit                 0x08005641   Thumb Code     2  stm32f4xx_hal_tim.o(.text)
    HAL_TIM_OnePulse_Init                    0x08005643   Thumb Code    76  stm32f4xx_hal_tim.o(.text)
    HAL_TIM_OnePulse_MspDeInit               0x0800568f   Thumb Code     2  stm32f4xx_hal_tim.o(.text)
    HAL_TIM_OnePulse_DeInit                  0x08005691   Thumb Code    70  stm32f4xx_hal_tim.o(.text)
    HAL_TIM_OnePulse_Start                   0x080056d7   Thumb Code    66  stm32f4xx_hal_tim.o(.text)
    HAL_TIM_OnePulse_Stop                    0x08005719   Thumb Code   130  stm32f4xx_hal_tim.o(.text)
    HAL_TIM_OnePulse_Start_IT                0x0800579b   Thumb Code    90  stm32f4xx_hal_tim.o(.text)
    HAL_TIM_OnePulse_Stop_IT                 0x080057f5   Thumb Code   154  stm32f4xx_hal_tim.o(.text)
    HAL_TIM_Encoder_MspInit                  0x0800588f   Thumb Code     2  stm32f4xx_hal_tim.o(.text)
    HAL_TIM_Encoder_Init                     0x08005891   Thumb Code   180  stm32f4xx_hal_tim.o(.text)
    HAL_TIM_Encoder_MspDeInit                0x08005945   Thumb Code     2  stm32f4xx_hal_tim.o(.text)
    HAL_TIM_Encoder_DeInit                   0x08005947   Thumb Code    70  stm32f4xx_hal_tim.o(.text)
    HAL_TIM_Encoder_Start                    0x0800598d   Thumb Code    78  stm32f4xx_hal_tim.o(.text)
    HAL_TIM_Encoder_Stop                     0x080059db   Thumb Code   104  stm32f4xx_hal_tim.o(.text)
    HAL_TIM_Encoder_Start_IT                 0x08005a43   Thumb Code   126  stm32f4xx_hal_tim.o(.text)
    HAL_TIM_Encoder_Stop_IT                  0x08005ac1   Thumb Code   160  stm32f4xx_hal_tim.o(.text)
    HAL_TIM_Encoder_Start_DMA                0x08005b61   Thumb Code   328  stm32f4xx_hal_tim.o(.text)
    HAL_TIM_Encoder_Stop_DMA                 0x08005ca9   Thumb Code   152  stm32f4xx_hal_tim.o(.text)
    HAL_TIM_TriggerCallback                  0x08005d41   Thumb Code     2  stm32f4xx_hal_tim.o(.text)
    HAL_TIM_OC_DelayElapsedCallback          0x08005d43   Thumb Code     2  stm32f4xx_hal_tim.o(.text)
    HAL_TIM_IRQHandler                       0x08005d45   Thumb Code   406  stm32f4xx_hal_tim.o(.text)
    TIM_OC2_SetConfig                        0x08005fad   Thumb Code   112  stm32f4xx_hal_tim.o(.text)
    HAL_TIM_OC_ConfigChannel                 0x08006083   Thumb Code   116  stm32f4xx_hal_tim.o(.text)
    TIM_TI1_SetConfig                        0x080061b1   Thumb Code   122  stm32f4xx_hal_tim.o(.text)
    HAL_TIM_IC_ConfigChannel                 0x0800622b   Thumb Code   224  stm32f4xx_hal_tim.o(.text)
    HAL_TIM_PWM_ConfigChannel                0x0800630b   Thumb Code   294  stm32f4xx_hal_tim.o(.text)
    HAL_TIM_OnePulse_ConfigChannel           0x08006431   Thumb Code   286  stm32f4xx_hal_tim.o(.text)
    HAL_TIM_DMABurst_WriteStart              0x08006563   Thumb Code   366  stm32f4xx_hal_tim.o(.text)
    HAL_TIM_DMABurst_WriteStop               0x080066d1   Thumb Code   128  stm32f4xx_hal_tim.o(.text)
    HAL_TIM_DMABurst_ReadStart               0x08006751   Thumb Code   366  stm32f4xx_hal_tim.o(.text)
    HAL_TIM_DMABurst_ReadStop                0x080068bf   Thumb Code   128  stm32f4xx_hal_tim.o(.text)
    HAL_TIM_GenerateEvent                    0x0800693f   Thumb Code    54  stm32f4xx_hal_tim.o(.text)
    HAL_TIM_ConfigOCrefClear                 0x0800698d   Thumb Code   252  stm32f4xx_hal_tim.o(.text)
    HAL_TIM_ConfigClockSource                0x08006af3   Thumb Code   306  stm32f4xx_hal_tim.o(.text)
    HAL_TIM_ConfigTI1Input                   0x08006c25   Thumb Code    24  stm32f4xx_hal_tim.o(.text)
    HAL_TIM_SlaveConfigSynchronization       0x08006ce1   Thumb Code    86  stm32f4xx_hal_tim.o(.text)
    HAL_TIM_SlaveConfigSynchronization_IT    0x08006d37   Thumb Code    86  stm32f4xx_hal_tim.o(.text)
    HAL_TIM_ReadCapturedValue                0x08006d8d   Thumb Code    84  stm32f4xx_hal_tim.o(.text)
    HAL_TIM_Base_GetState                    0x08006de1   Thumb Code     8  stm32f4xx_hal_tim.o(.text)
    HAL_TIM_OC_GetState                      0x08006de9   Thumb Code     8  stm32f4xx_hal_tim.o(.text)
    HAL_TIM_PWM_GetState                     0x08006df1   Thumb Code     8  stm32f4xx_hal_tim.o(.text)
    HAL_TIM_IC_GetState                      0x08006df9   Thumb Code     8  stm32f4xx_hal_tim.o(.text)
    HAL_TIM_OnePulse_GetState                0x08006e01   Thumb Code     8  stm32f4xx_hal_tim.o(.text)
    HAL_TIM_Encoder_GetState                 0x08006e09   Thumb Code     8  stm32f4xx_hal_tim.o(.text)
    HAL_TIMEx_HallSensor_MspInit             0x08006e11   Thumb Code     2  stm32f4xx_hal_tim_ex.o(.text)
    HAL_TIMEx_HallSensor_Init                0x08006e13   Thumb Code   196  stm32f4xx_hal_tim_ex.o(.text)
    HAL_TIMEx_HallSensor_MspDeInit           0x08006ed7   Thumb Code     2  stm32f4xx_hal_tim_ex.o(.text)
    HAL_TIMEx_HallSensor_DeInit              0x08006ed9   Thumb Code    70  stm32f4xx_hal_tim_ex.o(.text)
    HAL_TIMEx_HallSensor_Start               0x08006f1f   Thumb Code    30  stm32f4xx_hal_tim_ex.o(.text)
    HAL_TIMEx_HallSensor_Stop                0x08006f3d   Thumb Code    56  stm32f4xx_hal_tim_ex.o(.text)
    HAL_TIMEx_HallSensor_Start_IT            0x08006f75   Thumb Code    42  stm32f4xx_hal_tim_ex.o(.text)
    HAL_TIMEx_HallSensor_Stop_IT             0x08006f9f   Thumb Code    68  stm32f4xx_hal_tim_ex.o(.text)
    HAL_TIMEx_HallSensor_Start_DMA           0x08006fe3   Thumb Code   106  stm32f4xx_hal_tim_ex.o(.text)
    HAL_TIMEx_HallSensor_Stop_DMA            0x0800704d   Thumb Code    68  stm32f4xx_hal_tim_ex.o(.text)
    HAL_TIMEx_OCN_Start                      0x080070ad   Thumb Code    44  stm32f4xx_hal_tim_ex.o(.text)
    HAL_TIMEx_OCN_Stop                       0x080070d9   Thumb Code    96  stm32f4xx_hal_tim_ex.o(.text)
    HAL_TIMEx_OCN_Start_IT                   0x08007139   Thumb Code   132  stm32f4xx_hal_tim_ex.o(.text)
    HAL_TIMEx_OCN_Stop_IT                    0x080071bd   Thumb Code   196  stm32f4xx_hal_tim_ex.o(.text)
    HAL_TIMEx_OCN_Start_DMA                  0x08007281   Thumb Code   272  stm32f4xx_hal_tim_ex.o(.text)
    HAL_TIMEx_OCN_Stop_DMA                   0x08007391   Thumb Code   192  stm32f4xx_hal_tim_ex.o(.text)
    HAL_TIMEx_PWMN_Start                     0x08007451   Thumb Code    44  stm32f4xx_hal_tim_ex.o(.text)
    HAL_TIMEx_PWMN_Stop                      0x0800747d   Thumb Code    96  stm32f4xx_hal_tim_ex.o(.text)
    HAL_TIMEx_PWMN_Start_IT                  0x080074dd   Thumb Code   132  stm32f4xx_hal_tim_ex.o(.text)
    HAL_TIMEx_PWMN_Stop_IT                   0x08007561   Thumb Code   196  stm32f4xx_hal_tim_ex.o(.text)
    HAL_TIMEx_PWMN_Start_DMA                 0x08007625   Thumb Code   272  stm32f4xx_hal_tim_ex.o(.text)
    HAL_TIMEx_PWMN_Stop_DMA                  0x08007735   Thumb Code   178  stm32f4xx_hal_tim_ex.o(.text)
    HAL_TIMEx_OnePulseN_Start                0x080077e7   Thumb Code    32  stm32f4xx_hal_tim_ex.o(.text)
    HAL_TIMEx_OnePulseN_Stop                 0x08007807   Thumb Code    96  stm32f4xx_hal_tim_ex.o(.text)
    HAL_TIMEx_OnePulseN_Start_IT             0x08007867   Thumb Code    56  stm32f4xx_hal_tim_ex.o(.text)
    HAL_TIMEx_OnePulseN_Stop_IT              0x0800789f   Thumb Code   120  stm32f4xx_hal_tim_ex.o(.text)
    HAL_TIMEx_ConfigCommutationEvent         0x08007917   Thumb Code   110  stm32f4xx_hal_tim_ex.o(.text)
    HAL_TIMEx_ConfigCommutationEvent_IT      0x08007985   Thumb Code   122  stm32f4xx_hal_tim_ex.o(.text)
    HAL_TIMEx_CommutationCallback            0x080079ff   Thumb Code     2  stm32f4xx_hal_tim_ex.o(.text)
    TIMEx_DMACommutationCplt                 0x08007a01   Thumb Code    20  stm32f4xx_hal_tim_ex.o(.text)
    HAL_TIMEx_ConfigCommutationEvent_DMA     0x08007a15   Thumb Code   146  stm32f4xx_hal_tim_ex.o(.text)
    HAL_TIMEx_MasterConfigSynchronization    0x08007aa7   Thumb Code    98  stm32f4xx_hal_tim_ex.o(.text)
    HAL_TIMEx_ConfigBreakDeadTime            0x08007b09   Thumb Code    80  stm32f4xx_hal_tim_ex.o(.text)
    HAL_TIMEx_RemapConfig                    0x08007b59   Thumb Code    48  stm32f4xx_hal_tim_ex.o(.text)
    HAL_TIMEx_BreakCallback                  0x08007b89   Thumb Code     2  stm32f4xx_hal_tim_ex.o(.text)
    HAL_TIMEx_HallSensor_GetState            0x08007b8b   Thumb Code     8  stm32f4xx_hal_tim_ex.o(.text)
    Reset_Handler                            0x08007b99   Thumb Code     8  startup_stm32f407xx.o(.text)
    NMI_Handler                              0x08007ba1   Thumb Code     2  startup_stm32f407xx.o(.text)
    HardFault_Handler                        0x08007ba3   Thumb Code     2  startup_stm32f407xx.o(.text)
    MemManage_Handler                        0x08007ba5   Thumb Code     2  startup_stm32f407xx.o(.text)
    BusFault_Handler                         0x08007ba7   Thumb Code     2  startup_stm32f407xx.o(.text)
    UsageFault_Handler                       0x08007ba9   Thumb Code     2  startup_stm32f407xx.o(.text)
    DebugMon_Handler                         0x08007bad   Thumb Code     2  startup_stm32f407xx.o(.text)
    ADC_IRQHandler                           0x08007bb3   Thumb Code     0  startup_stm32f407xx.o(.text)
    CAN1_RX0_IRQHandler                      0x08007bb3   Thumb Code     0  startup_stm32f407xx.o(.text)
    CAN1_RX1_IRQHandler                      0x08007bb3   Thumb Code     0  startup_stm32f407xx.o(.text)
    CAN1_SCE_IRQHandler                      0x08007bb3   Thumb Code     0  startup_stm32f407xx.o(.text)
    CAN1_TX_IRQHandler                       0x08007bb3   Thumb Code     0  startup_stm32f407xx.o(.text)
    CAN2_RX0_IRQHandler                      0x08007bb3   Thumb Code     0  startup_stm32f407xx.o(.text)
    CAN2_RX1_IRQHandler                      0x08007bb3   Thumb Code     0  startup_stm32f407xx.o(.text)
    CAN2_SCE_IRQHandler                      0x08007bb3   Thumb Code     0  startup_stm32f407xx.o(.text)
    CAN2_TX_IRQHandler                       0x08007bb3   Thumb Code     0  startup_stm32f407xx.o(.text)
    DCMI_IRQHandler                          0x08007bb3   Thumb Code     0  startup_stm32f407xx.o(.text)
    DMA1_Stream0_IRQHandler                  0x08007bb3   Thumb Code     0  startup_stm32f407xx.o(.text)
    DMA1_Stream1_IRQHandler                  0x08007bb3   Thumb Code     0  startup_stm32f407xx.o(.text)
    DMA1_Stream2_IRQHandler                  0x08007bb3   Thumb Code     0  startup_stm32f407xx.o(.text)
    DMA1_Stream3_IRQHandler                  0x08007bb3   Thumb Code     0  startup_stm32f407xx.o(.text)
    DMA1_Stream4_IRQHandler                  0x08007bb3   Thumb Code     0  startup_stm32f407xx.o(.text)
    DMA1_Stream5_IRQHandler                  0x08007bb3   Thumb Code     0  startup_stm32f407xx.o(.text)
    DMA1_Stream6_IRQHandler                  0x08007bb3   Thumb Code     0  startup_stm32f407xx.o(.text)
    DMA1_Stream7_IRQHandler                  0x08007bb3   Thumb Code     0  startup_stm32f407xx.o(.text)
    DMA2_Stream0_IRQHandler                  0x08007bb3   Thumb Code     0  startup_stm32f407xx.o(.text)
    DMA2_Stream1_IRQHandler                  0x08007bb3   Thumb Code     0  startup_stm32f407xx.o(.text)
    DMA2_Stream2_IRQHandler                  0x08007bb3   Thumb Code     0  startup_stm32f407xx.o(.text)
    DMA2_Stream3_IRQHandler                  0x08007bb3   Thumb Code     0  startup_stm32f407xx.o(.text)
    DMA2_Stream4_IRQHandler                  0x08007bb3   Thumb Code     0  startup_stm32f407xx.o(.text)
    DMA2_Stream5_IRQHandler                  0x08007bb3   Thumb Code     0  startup_stm32f407xx.o(.text)
    DMA2_Stream6_IRQHandler                  0x08007bb3   Thumb Code     0  startup_stm32f407xx.o(.text)
    DMA2_Stream7_IRQHandler                  0x08007bb3   Thumb Code     0  startup_stm32f407xx.o(.text)
    ETH_IRQHandler                           0x08007bb3   Thumb Code     0  startup_stm32f407xx.o(.text)
    ETH_WKUP_IRQHandler                      0x08007bb3   Thumb Code     0  startup_stm32f407xx.o(.text)
    EXTI15_10_IRQHandler                     0x08007bb3   Thumb Code     0  startup_stm32f407xx.o(.text)
    EXTI1_IRQHandler                         0x08007bb3   Thumb Code     0  startup_stm32f407xx.o(.text)
    EXTI2_IRQHandler                         0x08007bb3   Thumb Code     0  startup_stm32f407xx.o(.text)
    EXTI3_IRQHandler                         0x08007bb3   Thumb Code     0  startup_stm32f407xx.o(.text)
    EXTI4_IRQHandler                         0x08007bb3   Thumb Code     0  startup_stm32f407xx.o(.text)
    EXTI9_5_IRQHandler                       0x08007bb3   Thumb Code     0  startup_stm32f407xx.o(.text)
    FLASH_IRQHandler                         0x08007bb3   Thumb Code     0  startup_stm32f407xx.o(.text)
    FMC_IRQHandler                           0x08007bb3   Thumb Code     0  startup_stm32f407xx.o(.text)
    FPU_IRQHandler                           0x08007bb3   Thumb Code     0  startup_stm32f407xx.o(.text)
    HASH_RNG_IRQHandler                      0x08007bb3   Thumb Code     0  startup_stm32f407xx.o(.text)
    I2C1_ER_IRQHandler                       0x08007bb3   Thumb Code     0  startup_stm32f407xx.o(.text)
    I2C1_EV_IRQHandler                       0x08007bb3   Thumb Code     0  startup_stm32f407xx.o(.text)
    I2C2_ER_IRQHandler                       0x08007bb3   Thumb Code     0  startup_stm32f407xx.o(.text)
    I2C2_EV_IRQHandler                       0x08007bb3   Thumb Code     0  startup_stm32f407xx.o(.text)
    I2C3_ER_IRQHandler                       0x08007bb3   Thumb Code     0  startup_stm32f407xx.o(.text)
    I2C3_EV_IRQHandler                       0x08007bb3   Thumb Code     0  startup_stm32f407xx.o(.text)
    OTG_FS_IRQHandler                        0x08007bb3   Thumb Code     0  startup_stm32f407xx.o(.text)
    OTG_FS_WKUP_IRQHandler                   0x08007bb3   Thumb Code     0  startup_stm32f407xx.o(.text)
    OTG_HS_EP1_IN_IRQHandler                 0x08007bb3   Thumb Code     0  startup_stm32f407xx.o(.text)
    OTG_HS_EP1_OUT_IRQHandler                0x08007bb3   Thumb Code     0  startup_stm32f407xx.o(.text)
    OTG_HS_IRQHandler                        0x08007bb3   Thumb Code     0  startup_stm32f407xx.o(.text)
    OTG_HS_WKUP_IRQHandler                   0x08007bb3   Thumb Code     0  startup_stm32f407xx.o(.text)
    PVD_IRQHandler                           0x08007bb3   Thumb Code     0  startup_stm32f407xx.o(.text)
    RCC_IRQHandler                           0x08007bb3   Thumb Code     0  startup_stm32f407xx.o(.text)
    RTC_Alarm_IRQHandler                     0x08007bb3   Thumb Code     0  startup_stm32f407xx.o(.text)
    RTC_WKUP_IRQHandler                      0x08007bb3   Thumb Code     0  startup_stm32f407xx.o(.text)
    SDIO_IRQHandler                          0x08007bb3   Thumb Code     0  startup_stm32f407xx.o(.text)
    SPI1_IRQHandler                          0x08007bb3   Thumb Code     0  startup_stm32f407xx.o(.text)
    SPI2_IRQHandler                          0x08007bb3   Thumb Code     0  startup_stm32f407xx.o(.text)
    SPI3_IRQHandler                          0x08007bb3   Thumb Code     0  startup_stm32f407xx.o(.text)
    TAMP_STAMP_IRQHandler                    0x08007bb3   Thumb Code     0  startup_stm32f407xx.o(.text)
    TIM1_BRK_TIM9_IRQHandler                 0x08007bb3   Thumb Code     0  startup_stm32f407xx.o(.text)
    TIM1_CC_IRQHandler                       0x08007bb3   Thumb Code     0  startup_stm32f407xx.o(.text)
    TIM1_TRG_COM_TIM11_IRQHandler            0x08007bb3   Thumb Code     0  startup_stm32f407xx.o(.text)
    TIM1_UP_TIM10_IRQHandler                 0x08007bb3   Thumb Code     0  startup_stm32f407xx.o(.text)
    TIM3_IRQHandler                          0x08007bb3   Thumb Code     0  startup_stm32f407xx.o(.text)
    TIM4_IRQHandler                          0x08007bb3   Thumb Code     0  startup_stm32f407xx.o(.text)
    TIM5_IRQHandler                          0x08007bb3   Thumb Code     0  startup_stm32f407xx.o(.text)
    TIM6_DAC_IRQHandler                      0x08007bb3   Thumb Code     0  startup_stm32f407xx.o(.text)
    TIM7_IRQHandler                          0x08007bb3   Thumb Code     0  startup_stm32f407xx.o(.text)
    TIM8_BRK_TIM12_IRQHandler                0x08007bb3   Thumb Code     0  startup_stm32f407xx.o(.text)
    TIM8_CC_IRQHandler                       0x08007bb3   Thumb Code     0  startup_stm32f407xx.o(.text)
    TIM8_TRG_COM_TIM14_IRQHandler            0x08007bb3   Thumb Code     0  startup_stm32f407xx.o(.text)
    TIM8_UP_TIM13_IRQHandler                 0x08007bb3   Thumb Code     0  startup_stm32f407xx.o(.text)
    UART4_IRQHandler                         0x08007bb3   Thumb Code     0  startup_stm32f407xx.o(.text)
    UART5_IRQHandler                         0x08007bb3   Thumb Code     0  startup_stm32f407xx.o(.text)
    USART1_IRQHandler                        0x08007bb3   Thumb Code     0  startup_stm32f407xx.o(.text)
    USART2_IRQHandler                        0x08007bb3   Thumb Code     0  startup_stm32f407xx.o(.text)
    USART3_IRQHandler                        0x08007bb3   Thumb Code     0  startup_stm32f407xx.o(.text)
    USART6_IRQHandler                        0x08007bb3   Thumb Code     0  startup_stm32f407xx.o(.text)
    WWDG_IRQHandler                          0x08007bb3   Thumb Code     0  startup_stm32f407xx.o(.text)
    SystemInit                               0x08007bbd   Thumb Code    82  system_stm32f4xx.o(.text)
    SystemCoreClockUpdate                    0x08007c0f   Thumb Code   174  system_stm32f4xx.o(.text)
    __aeabi_dmul                             0x08007cdd   Thumb Code   228  dmul.o(.text)
    __aeabi_f2d                              0x08007dc1   Thumb Code    38  f2d.o(.text)
    __aeabi_d2f                              0x08007de7   Thumb Code    56  d2f.o(.text)
    __aeabi_llsl                             0x08007e1f   Thumb Code    30  llshl.o(.text)
    _ll_shift_l                              0x08007e1f   Thumb Code     0  llshl.o(.text)
    __aeabi_llsr                             0x08007e3d   Thumb Code    32  llushr.o(.text)
    _ll_ushift_r                             0x08007e3d   Thumb Code     0  llushr.o(.text)
    __I$use$fp                               0x08007e5d   Thumb Code     0  iusefp.o(.text)
    _float_round                             0x08007e5d   Thumb Code    18  fepilogue.o(.text)
    _float_epilogue                          0x08007e6f   Thumb Code    92  fepilogue.o(.text)
    _double_round                            0x08007ecb   Thumb Code    30  depilogue.o(.text)
    _double_epilogue                         0x08007ee9   Thumb Code   156  depilogue.o(.text)
    __scatterload                            0x08007f85   Thumb Code    28  init.o(.text)
    __scatterload_rt2                        0x08007f85   Thumb Code     0  init.o(.text)
    SVC_Count                                0x08007fa8   Data           4  svc_table.o(SVC_TABLE)
    SVC_Table                                0x08007fac   Data           0  svc_table.o(SVC_TABLE)
    __0printf$2                              0x08007fad   Thumb Code    22  printf2.o(i.__0printf$2)
    __1printf$2                              0x08007fad   Thumb Code     0  printf2.o(i.__0printf$2)
    __2printf                                0x08007fad   Thumb Code     0  printf2.o(i.__0printf$2)
    __scatterload_copy                       0x08007fcd   Thumb Code    14  handlers.o(i.__scatterload_copy)
    __scatterload_null                       0x08007fdb   Thumb Code     2  handlers.o(i.__scatterload_null)
    __scatterload_zeroinit                   0x08007fdd   Thumb Code    14  handlers.o(i.__scatterload_zeroinit)
    _init_box                                0x08007feb   Thumb Code    70  rt_membox.o(i._init_box)
    dbg_init                                 0x08008109   Thumb Code    34  hal_cm.o(i.dbg_init)
    dbg_task_notify                          0x08008139   Thumb Code    32  hal_cm.o(i.dbg_task_notify)
    dbg_task_switch                          0x08008159   Thumb Code    16  hal_cm.o(i.dbg_task_switch)
    isrMessageGet                            0x08008169   Thumb Code    42  rt_cmsis.o(i.isrMessageGet)
    isrMessagePut                            0x08008193   Thumb Code    44  rt_cmsis.o(i.isrMessagePut)
    isrSemaphoreRelease                      0x080081bf   Thumb Code    40  rt_cmsis.o(i.isrSemaphoreRelease)
    isrSignalSet                             0x080081e7   Thumb Code    36  rt_cmsis.o(i.isrSignalSet)
    isr_evt_set                              0x0800820d   Thumb Code    34  rt_event.o(i.isr_evt_set)
    isr_mbx_receive                          0x08008235   Thumb Code    86  rt_mailbox.o(i.isr_mbx_receive)
    isr_mbx_send                             0x0800828b   Thumb Code    14  rt_mailbox.o(i.isr_mbx_send)
    isr_sem_send                             0x08008299   Thumb Code    16  rt_semaphore.o(i.isr_sem_send)
    osDelay                                  0x080082a9   Thumb Code    18  rt_cmsis.o(i.osDelay)
    osKernelInitialize                       0x080082c1   Thumb Code    30  rt_cmsis.o(i.osKernelInitialize)
    osKernelStart                            0x080082e5   Thumb Code    98  rt_cmsis.o(i.osKernelStart)
    osMessageGet                             0x08008351   Thumb Code    18  rt_cmsis.o(i.osMessageGet)
    osSemaphoreCreate                        0x08008369   Thumb Code    38  rt_cmsis.o(i.osSemaphoreCreate)
    osSemaphoreRelease                       0x08008399   Thumb Code    18  rt_cmsis.o(i.osSemaphoreRelease)
    osSemaphoreWait                          0x080083b1   Thumb Code    20  rt_cmsis.o(i.osSemaphoreWait)
    osSignalSet                              0x080083c9   Thumb Code    18  rt_cmsis.o(i.osSignalSet)
    osSignalWait                             0x080083e1   Thumb Code    18  rt_cmsis.o(i.osSignalWait)
    osThreadCreate                           0x080083f9   Thumb Code    38  rt_cmsis.o(i.osThreadCreate)
    osThreadExit                             0x08008429   Thumb Code    14  rt_cmsis.o(i.osThreadExit)
    osThreadYield                            0x08008441   Thumb Code    18  rt_cmsis.o(i.osThreadYield)
    osTimerCall                              0x08008459   Thumb Code     8  rt_cmsis.o(i.osTimerCall)
    osTimerThread                            0x08008465   Thumb Code    38  rt_cmsis.o(i.osTimerThread)
    os_tick_init                             0x08008491   Thumb Code    32  rt_system.o(i.os_tick_init)
    os_tick_irqack                           0x080084b9   Thumb Code     2  rt_system.o(i.os_tick_irqack)
    rt_alloc_box                             0x080084bb   Thumb Code    26  rt_membox.o(i.rt_alloc_box)
    rt_alloc_mem                             0x080084d5   Thumb Code    62  rt_memory.o(i.rt_alloc_mem)
    rt_block                                 0x08008515   Thumb Code    48  rt_task.o(i.rt_block)
    rt_chk_robin                             0x0800854d   Thumb Code    60  rt_robin.o(i.rt_chk_robin)
    rt_dec_dly                               0x08008595   Thumb Code   102  rt_list.o(i.rt_dec_dly)
    rt_dispatch                              0x08008605   Thumb Code    60  rt_task.o(i.rt_dispatch)
    rt_dly_wait                              0x08008649   Thumb Code     6  rt_time.o(i.rt_dly_wait)
    rt_evt_psh                               0x08008651   Thumb Code    76  rt_event.o(i.rt_evt_psh)
    rt_evt_set                               0x080086a1   Thumb Code    88  rt_event.o(i.rt_evt_set)
    rt_evt_wait                              0x080086fd   Thumb Code    56  rt_event.o(i.rt_evt_wait)
    rt_free_box                              0x08008739   Thumb Code    44  rt_membox.o(i.rt_free_box)
    rt_free_mem                              0x08008765   Thumb Code    40  rt_memory.o(i.rt_free_mem)
    rt_get_first                             0x0800878d   Thumb Code    40  rt_list.o(i.rt_get_first)
    rt_get_same_rdy_prio                     0x080087b5   Thumb Code    26  rt_list.o(i.rt_get_same_rdy_prio)
    rt_init_mem                              0x08008829   Thumb Code    26  rt_memory.o(i.rt_init_mem)
    rt_init_robin                            0x08008845   Thumb Code    14  rt_robin.o(i.rt_init_robin)
    rt_init_stack                            0x0800885d   Thumb Code   118  hal_cm.o(i.rt_init_stack)
    rt_mbx_check                             0x080088dd   Thumb Code     8  rt_mailbox.o(i.rt_mbx_check)
    rt_mbx_init                              0x080088e5   Thumb Code    26  rt_mailbox.o(i.rt_mbx_init)
    rt_mbx_psh                               0x08008901   Thumb Code   236  rt_mailbox.o(i.rt_mbx_psh)
    rt_mbx_wait                              0x080089f1   Thumb Code   174  rt_mailbox.o(i.rt_mbx_wait)
    rt_pop_req                               0x08008ae9   Thumb Code   112  rt_system.o(i.rt_pop_req)
    rt_psh_req                               0x08008b65   Thumb Code    22  rt_system.o(i.rt_psh_req)
    rt_psq_enq                               0x08008b85   Thumb Code    88  rt_list.o(i.rt_psq_enq)
    rt_put_dly                               0x08008be1   Thumb Code    68  rt_list.o(i.rt_put_dly)
    rt_put_prio                              0x08008c29   Thumb Code    54  rt_list.o(i.rt_put_prio)
    rt_put_rdy_first                         0x08008c61   Thumb Code    14  rt_list.o(i.rt_put_rdy_first)
    rt_resort_prio                           0x08008c75   Thumb Code    46  rt_list.o(i.rt_resort_prio)
    rt_ret_val                               0x08008cb9   Thumb Code    12  hal_cm.o(i.rt_ret_val)
    rt_ret_val2                              0x08008cc5   Thumb Code    16  hal_cm.o(i.rt_ret_val2)
    rt_rmv_dly                               0x08008cd5   Thumb Code    40  rt_list.o(i.rt_rmv_dly)
    rt_rmv_list                              0x08008cfd   Thumb Code    44  rt_list.o(i.rt_rmv_list)
    rt_sem_init                              0x08008d2d   Thumb Code    12  rt_semaphore.o(i.rt_sem_init)
    rt_sem_psh                               0x08008d39   Thumb Code    48  rt_semaphore.o(i.rt_sem_psh)
    rt_sem_send                              0x08008d6d   Thumb Code    42  rt_semaphore.o(i.rt_sem_send)
    rt_sem_wait                              0x08008d99   Thumb Code    58  rt_semaphore.o(i.rt_sem_wait)
    rt_stk_check                             0x08008dd9   Thumb Code    28  rt_system.o(i.rt_stk_check)
    rt_switch_req                            0x08008dfd   Thumb Code    30  rt_task.o(i.rt_switch_req)
    rt_sys_init                              0x08008e25   Thumb Code   138  rt_task.o(i.rt_sys_init)
    rt_sys_start                             0x08008ef1   Thumb Code   110  rt_task.o(i.rt_sys_start)
    rt_systick                               0x08008f69   Thumb Code    50  rt_system.o(i.rt_systick)
    rt_tsk_create                            0x08008ff1   Thumb Code   118  rt_task.o(i.rt_tsk_create)
    rt_tsk_delete                            0x08009079   Thumb Code   352  rt_task.o(i.rt_tsk_delete)
    rt_tsk_pass                              0x080091f5   Thumb Code    38  rt_task.o(i.rt_tsk_pass)
    rt_tsk_prio                              0x08009225   Thumb Code   108  rt_task.o(i.rt_tsk_prio)
    rt_tsk_self                              0x080092a1   Thumb Code    12  rt_task.o(i.rt_tsk_self)
    svcDelay                                 0x080092b1   Thumb Code    18  rt_cmsis.o(i.svcDelay)
    svcKernelInitialize                      0x080092c5   Thumb Code    80  rt_cmsis.o(i.svcKernelInitialize)
    svcKernelStart                           0x08009335   Thumb Code    62  rt_cmsis.o(i.svcKernelStart)
    svcMessageCreate                         0x0800937d   Thumb Code    36  rt_cmsis.o(i.svcMessageCreate)
    svcMessageGet                            0x080093a1   Thumb Code    58  rt_cmsis.o(i.svcMessageGet)
    svcSemaphoreCreate                       0x080093db   Thumb Code    36  rt_cmsis.o(i.svcSemaphoreCreate)
    svcSemaphoreRelease                      0x080093ff   Thumb Code    40  rt_cmsis.o(i.svcSemaphoreRelease)
    svcSemaphoreWait                         0x08009427   Thumb Code    50  rt_cmsis.o(i.svcSemaphoreWait)
    svcSignalSet                             0x08009459   Thumb Code    36  rt_cmsis.o(i.svcSignalSet)
    svcSignalWait                            0x0800947d   Thumb Code    80  rt_cmsis.o(i.svcSignalWait)
    svcThreadCreate                          0x080094d1   Thumb Code   100  rt_cmsis.o(i.svcThreadCreate)
    svcThreadGetId                           0x08009541   Thumb Code    22  rt_cmsis.o(i.svcThreadGetId)
    svcThreadTerminate                       0x0800955d   Thumb Code    50  rt_cmsis.o(i.svcThreadTerminate)
    svcThreadYield                           0x08009595   Thumb Code    10  rt_cmsis.o(i.svcThreadYield)
    svcTimerCall                             0x0800959f   Thumb Code    24  rt_cmsis.o(i.svcTimerCall)
    sysTimerTick                             0x080095b9   Thumb Code    84  rt_cmsis.o(i.sysTimerTick)
    os_semaphore_def_read_kp_flag_sem        0x08009614   Data           4  main.o(.constdata)
    DISPLAY_COUNTER_MAX                      0x08009618   Data           4  main.o(.constdata)
    os_thread_def_Read_Raw_ACC               0x0800962c   Data          16  accelerometer.o(.constdata)
    BUFFER_SIZE                              0x0800963c   Data           4  accelerometer.o(.constdata)
    os_thread_def_Read_KP_Value              0x08009640   Data          16  keypad.o(.constdata)
    KEYPAD_MAP                               0x08009650   Data          48  keypad.o(.constdata)
    os_maxtaskrun                            0x08009680   Data           2  rtx_conf_cm.o(.constdata)
    os_stackinfo                             0x08009684   Data           4  rtx_conf_cm.o(.constdata)
    os_rrobin                                0x08009688   Data           4  rtx_conf_cm.o(.constdata)
    os_tickfreq                              0x0800968c   Data           4  rtx_conf_cm.o(.constdata)
    os_tickus_i                              0x08009690   Data           2  rtx_conf_cm.o(.constdata)
    os_tickus_f                              0x08009692   Data           2  rtx_conf_cm.o(.constdata)
    os_trv                                   0x08009694   Data           4  rtx_conf_cm.o(.constdata)
    os_flags                                 0x08009698   Data           1  rtx_conf_cm.o(.constdata)
    CMSIS_RTOS_API_Version                   0x0800969c   Data           4  rtx_conf_cm.o(.constdata)
    CMSIS_RTOS_RTX_Version                   0x080096a0   Data           4  rtx_conf_cm.o(.constdata)
    os_clockrate                             0x080096a4   Data           4  rtx_conf_cm.o(.constdata)
    os_timernum                              0x080096a8   Data           4  rtx_conf_cm.o(.constdata)
    mp_tcb_size                              0x080096ac   Data           2  rtx_conf_cm.o(.constdata)
    mp_stk_size                              0x080096b0   Data           4  rtx_conf_cm.o(.constdata)
    os_stack_sz                              0x080096b4   Data           4  rtx_conf_cm.o(.constdata)
    os_fifo_size                             0x080096b8   Data           1  rtx_conf_cm.o(.constdata)
    os_thread_def_osTimerThread              0x080096bc   Data          16  rtx_conf_cm.o(.constdata)
    os_messageQ_def_osTimerMessageQ          0x080096cc   Data           8  rtx_conf_cm.o(.constdata)
    mp_tmr_size                              0x080096d4   Data           2  rtx_conf_cm.o(.constdata)
    os_thread_def_main                       0x080096d8   Data          16  rtx_conf_cm.o(.constdata)
    APBAHBPrescTable                         0x080096f0   Data          16  stm32f4xx_hal_rcc.o(.constdata)
    AHBPrescTable                            0x08009700   Data          16  system_stm32f4xx.o(.constdata)
    Region$$Table$$Base                      0x08009710   Number         0  anon$$obj.o(Region$$Table)
    Region$$Table$$Limit                     0x08009730   Number         0  anon$$obj.o(Region$$Table)
    read_kp_flag_sem                         0x20000000   Data           4  main.o(.data)
    os_semaphore_cb_read_kp_flag_sem         0x20000004   Data           8  main.o(.data)
    reset_flag                               0x2000000c   Data           4  main.o(.data)
    sleep_flag                               0x20000010   Data           4  main.o(.data)
    operation_flag                           0x20000014   Data           4  main.o(.data)
    key_pressed                              0x20000018   Data           1  main.o(.data)
    digselect_flag                           0x2000001c   Data           4  main.o(.data)
    displayCounter                           0x20000020   Data           4  main.o(.data)
    Read_Raw_ACC_Id                          0x20000024   Data           4  accelerometer.o(.data)
    status                                   0x20000028   Data           1  accelerometer.o(.data)
    accX                                     0x2000002c   Data           4  accelerometer.o(.data)
    accY                                     0x20000030   Data           4  accelerometer.o(.data)
    accZ                                     0x20000034   Data           4  accelerometer.o(.data)
    acc_flag                                 0x20000038   Data           4  accelerometer.o(.data)
    read_flag                                0x2000003c   Data           4  accelerometer.o(.data)
    data_ready                               0x20000040   Data           4  accelerometer.o(.data)
    buffer_counter                           0x20000044   Data           4  accelerometer.o(.data)
    filtered_counter                         0x20000048   Data           4  accelerometer.o(.data)
    coeffStruct_x                            0x2000004c   Data          24  accelerometer.o(.data)
    coeffStruct_y                            0x20000064   Data          24  accelerometer.o(.data)
    coeffStruct_z                            0x2000007c   Data          24  accelerometer.o(.data)
    Cal_M                                    0x20000094   Data          48  accelerometer.o(.data)
    Read_KP_Value_Id                         0x200000c4   Data           4  keypad.o(.data)
    LIS3DSHTimeout                           0x200000d0   Data           4  lis3dsh_1.o(.data)
    osThreadId_osTimerThread                 0x200000d4   Data           4  rtx_conf_cm.o(.data)
    osMessageQId_osTimerMessageQ             0x200000d8   Data           4  rtx_conf_cm.o(.data)
    os_tmr                                   0x200000dc   Data           4  rtx_conf_cm.o(.data)
    m_tmr                                    0x200000e0   Data           4  rtx_conf_cm.o(.data)
    SystemCoreClock                          0x200000e8   Data           4  system_stm32f4xx.o(.data)
    os_initialized                           0x200000ec   Data           1  rt_cmsis.o(.data)
    os_running                               0x200000ed   Data           1  rt_cmsis.o(.data)
    os_timer_head                            0x200000f0   Data           4  rt_cmsis.o(.data)
    os_time                                  0x200000f4   Data           4  rt_time.o(.data)
    os_tsk                                   0x200000f8   Data           8  rt_task.o(.data)
    os_tick_irqn                             0x20000104   Data           4  rt_system.o(.data)
    dbg_msg                                  0x20000108   Data           1  hal_cm.o(.data)
    os_robin                                 0x2000010c   Data           8  rt_robin.o(.data)
    __stdout                                 0x20000114   Data           4  stdout.o(.data)
    Buffer                                   0x20000118   Data          12  accelerometer.o(.bss)
    x_buffer                                 0x20000124   Data          16  accelerometer.o(.bss)
    y_buffer                                 0x20000134   Data          16  accelerometer.o(.bss)
    z_buffer                                 0x20000144   Data          16  accelerometer.o(.bss)
    x_filtered                               0x20000154   Data          16  accelerometer.o(.bss)
    y_filtered                               0x20000164   Data          16  accelerometer.o(.bss)
    z_filtered                               0x20000174   Data          16  accelerometer.o(.bss)
    htim2                                    0x20000184   Data          60  tim.o(.bss)
    htim4                                    0x200001c0   Data          60  tim.o(.bss)
    SpiHandle                                0x200001fc   Data          88  lis3dsh_1.o(.bss)
    mp_tcb                                   0x20000258   Data         480  rtx_conf_cm.o(.bss)
    mp_stk                                   0x20000438   Data       16400  rtx_conf_cm.o(.bss)
    os_stack_mem                             0x20004448   Data        1256  rtx_conf_cm.o(.bss)
    os_fifo                                  0x20004930   Data         132  rtx_conf_cm.o(.bss)
    os_active_TCB                            0x200049b4   Data          36  rtx_conf_cm.o(.bss)
    os_messageQ_q_osTimerMessageQ            0x200049d8   Data          32  rtx_conf_cm.o(.bss)
    os_idle_TCB                              0x200049f8   Data          52  rt_task.o(.bss)
    os_rdy                                   0x20004a2c   Data          24  rt_list.o(.bss)
    os_dly                                   0x20004a44   Data          24  rt_list.o(.bss)
    __initial_sp                             0x20004e60   Data           0  startup_stm32f407xx.o(STACK)



==============================================================================

Memory Map of the image

  Image Entry point : 0x08000189

  Load Region LR_IROM1 (Base: 0x08000000, Size: 0x00009848, Max: 0x00100000, ABSOLUTE)

    Execution Region ER_IROM1 (Exec base: 0x08000000, Load base: 0x08000000, Size: 0x00009730, Max: 0x00100000, ABSOLUTE)

    Exec Addr    Load Addr    Size         Type   Attr      Idx    E Section Name        Object

    0x08000000   0x08000000   0x00000188   Data   RO          822    RESET               startup_stm32f407xx.o
    0x08000188   0x08000188   0x00000000   Code   RO         2077  * .ARM.Collect$$$$00000000  mc_w.l(entry.o)
    0x08000188   0x08000188   0x00000004   Code   RO         2349    .ARM.Collect$$$$00000001  mc_w.l(entry2.o)
    0x0800018c   0x0800018c   0x00000004   Code   RO         2352    .ARM.Collect$$$$00000004  mc_w.l(entry5.o)
    0x08000190   0x08000190   0x00000000   Code   RO         2354    .ARM.Collect$$$$00000008  mc_w.l(entry7b.o)
    0x08000190   0x08000190   0x00000000   Code   RO         2356    .ARM.Collect$$$$0000000A  mc_w.l(entry8b.o)
    0x08000190   0x08000190   0x00000000   Code   RO         2357    .ARM.Collect$$$$0000000D  mc_w.l(entry10a.o)
    0x08000190   0x08000190   0x00000000   Code   RO         2359    .ARM.Collect$$$$0000000F  mc_w.l(entry11a.o)
    0x08000190   0x08000190   0x00000018   Code   RO          421    .ARM.Collect$$$$000000FF  rtx_conf_cm.o
    0x080001a8   0x080001a8   0x00000004   Code   RO         2350    .ARM.Collect$$$$00002712  mc_w.l(entry2.o)
    0x080001ac   0x080001ac   0x00000198   Code   RO         2064    .emb_text           RTX_CM4.lib(hal_cm4.o)
    0x08000344   0x08000344   0x000001e4   Code   RO            4    .text               main.o
    0x08000528   0x08000528   0x00000250   Code   RO          203    .text               gpio.o
    0x08000778   0x08000778   0x000002e4   Code   RO          227    .text               accelerometer.o
    0x08000a5c   0x08000a5c   0x00000038   Code   RO          256    .text               fput_debug.o
    0x08000a94   0x08000a94   0x00000014   Code   RO          284    .text               stm32f4xx_hal_msp.o
    0x08000aa8   0x08000aa8   0x00000040   Code   RO          308    .text               stm32f4xx_it.o
    0x08000ae8   0x08000ae8   0x00000400   Code   RO          336    .text               keypad.o
    0x08000ee8   0x08000ee8   0x00000274   Code   RO          365    .text               tim.o
    0x0800115c   0x0800115c   0x000005c0   Code   RO          396    .text               lis3dsh_1.o
    0x0800171c   0x0800171c   0x00000026   Code   RO          422    .text               rtx_conf_cm.o
    0x08001742   0x08001742   0x00000002   PAD
    0x08001744   0x08001744   0x000001b0   Code   RO          453    .text               stm32f4xx_hal.o
    0x080018f4   0x080018f4   0x00000354   Code   RO          515    .text               stm32f4xx_hal_cortex.o
    0x08001c48   0x08001c48   0x00000618   Code   RO          543    .text               stm32f4xx_hal_dma.o
    0x08002260   0x08002260   0x000003cc   Code   RO          592    .text               stm32f4xx_hal_gpio.o
    0x0800262c   0x0800262c   0x00000a4c   Code   RO          664    .text               stm32f4xx_hal_rcc.o
    0x08003078   0x08003078   0x00001598   Code   RO          715    .text               stm32f4xx_hal_spi.o
    0x08004610   0x08004610   0x00002800   Code   RO          739    .text               stm32f4xx_hal_tim.o
    0x08006e10   0x08006e10   0x00000d88   Code   RO          763    .text               stm32f4xx_hal_tim_ex.o
    0x08007b98   0x08007b98   0x00000024   Code   RO          823    .text               startup_stm32f407xx.o
    0x08007bbc   0x08007bbc   0x00000120   Code   RO          830    .text               system_stm32f4xx.o
    0x08007cdc   0x08007cdc   0x000000e4   Code   RO         2343    .text               mf_w.l(dmul.o)
    0x08007dc0   0x08007dc0   0x00000026   Code   RO         2345    .text               mf_w.l(f2d.o)
    0x08007de6   0x08007de6   0x00000038   Code   RO         2347    .text               mf_w.l(d2f.o)
    0x08007e1e   0x08007e1e   0x0000001e   Code   RO         2364    .text               mc_w.l(llshl.o)
    0x08007e3c   0x08007e3c   0x00000020   Code   RO         2366    .text               mc_w.l(llushr.o)
    0x08007e5c   0x08007e5c   0x00000000   Code   RO         2368    .text               mc_w.l(iusefp.o)
    0x08007e5c   0x08007e5c   0x0000006e   Code   RO         2369    .text               mf_w.l(fepilogue.o)
    0x08007eca   0x08007eca   0x000000ba   Code   RO         2371    .text               mf_w.l(depilogue.o)
    0x08007f84   0x08007f84   0x00000024   Code   RO         2381    .text               mc_w.l(init.o)
    0x08007fa8   0x08007fa8   0x00000004   Code   RO         2074    SVC_TABLE           RTX_CM4.lib(svc_table.o)
    0x08007fac   0x08007fac   0x00000020   Code   RO         2149    i.__0printf$2       mc_w.l(printf2.o)
    0x08007fcc   0x08007fcc   0x0000000e   Code   RO         2387    i.__scatterload_copy  mc_w.l(handlers.o)
    0x08007fda   0x08007fda   0x00000002   Code   RO         2388    i.__scatterload_null  mc_w.l(handlers.o)
    0x08007fdc   0x08007fdc   0x0000000e   Code   RO         2389    i.__scatterload_zeroinit  mc_w.l(handlers.o)
    0x08007fea   0x08007fea   0x00000046   Code   RO         1937    i._init_box         RTX_CM4.lib(rt_membox.o)
    0x08008030   0x08008030   0x000000d6   Code   RO         2156    i._printf_core      mc_w.l(printf2.o)
    0x08008106   0x08008106   0x00000002   PAD
    0x08008108   0x08008108   0x00000030   Code   RO         1990    i.dbg_init          RTX_CM4.lib(hal_cm.o)
    0x08008138   0x08008138   0x00000020   Code   RO         1991    i.dbg_task_notify   RTX_CM4.lib(hal_cm.o)
    0x08008158   0x08008158   0x00000010   Code   RO         1992    i.dbg_task_switch   RTX_CM4.lib(hal_cm.o)
    0x08008168   0x08008168   0x0000002a   Code   RO          861    i.isrMessageGet     RTX_CM4.lib(rt_cmsis.o)
    0x08008192   0x08008192   0x0000002c   Code   RO          862    i.isrMessagePut     RTX_CM4.lib(rt_cmsis.o)
    0x080081be   0x080081be   0x00000028   Code   RO          863    i.isrSemaphoreRelease  RTX_CM4.lib(rt_cmsis.o)
    0x080081e6   0x080081e6   0x00000024   Code   RO          864    i.isrSignalSet      RTX_CM4.lib(rt_cmsis.o)
    0x0800820a   0x0800820a   0x00000002   PAD
    0x0800820c   0x0800820c   0x00000028   Code   RO         1694    i.isr_evt_set       RTX_CM4.lib(rt_event.o)
    0x08008234   0x08008234   0x00000056   Code   RO         1816    i.isr_mbx_receive   RTX_CM4.lib(rt_mailbox.o)
    0x0800828a   0x0800828a   0x0000000e   Code   RO         1817    i.isr_mbx_send      RTX_CM4.lib(rt_mailbox.o)
    0x08008298   0x08008298   0x00000010   Code   RO         1864    i.isr_sem_send      RTX_CM4.lib(rt_semaphore.o)
    0x080082a8   0x080082a8   0x00000018   Code   RO          865    i.osDelay           RTX_CM4.lib(rt_cmsis.o)
    0x080082c0   0x080082c0   0x00000024   Code   RO          866    i.osKernelInitialize  RTX_CM4.lib(rt_cmsis.o)
    0x080082e4   0x080082e4   0x0000006c   Code   RO          868    i.osKernelStart     RTX_CM4.lib(rt_cmsis.o)
    0x08008350   0x08008350   0x00000018   Code   RO          877    i.osMessageGet      RTX_CM4.lib(rt_cmsis.o)
    0x08008368   0x08008368   0x00000030   Code   RO          887    i.osSemaphoreCreate  RTX_CM4.lib(rt_cmsis.o)
    0x08008398   0x08008398   0x00000018   Code   RO          889    i.osSemaphoreRelease  RTX_CM4.lib(rt_cmsis.o)
    0x080083b0   0x080083b0   0x00000018   Code   RO          890    i.osSemaphoreWait   RTX_CM4.lib(rt_cmsis.o)
    0x080083c8   0x080083c8   0x00000018   Code   RO          892    i.osSignalSet       RTX_CM4.lib(rt_cmsis.o)
    0x080083e0   0x080083e0   0x00000018   Code   RO          893    i.osSignalWait      RTX_CM4.lib(rt_cmsis.o)
    0x080083f8   0x080083f8   0x00000030   Code   RO          894    i.osThreadCreate    RTX_CM4.lib(rt_cmsis.o)
    0x08008428   0x08008428   0x00000018   Code   RO          895    i.osThreadExit      RTX_CM4.lib(rt_cmsis.o)
    0x08008440   0x08008440   0x00000018   Code   RO          900    i.osThreadYield     RTX_CM4.lib(rt_cmsis.o)
    0x08008458   0x08008458   0x0000000c   Code   RO          901    i.osTimerCall       RTX_CM4.lib(rt_cmsis.o)
    0x08008464   0x08008464   0x0000002c   Code   RO          906    i.osTimerThread     RTX_CM4.lib(rt_cmsis.o)
    0x08008490   0x08008490   0x00000028   Code   RO         1604    i.os_tick_init      RTX_CM4.lib(rt_system.o)
    0x080084b8   0x080084b8   0x00000002   Code   RO         1605    i.os_tick_irqack    RTX_CM4.lib(rt_system.o)
    0x080084ba   0x080084ba   0x0000001a   Code   RO         1938    i.rt_alloc_box      RTX_CM4.lib(rt_membox.o)
    0x080084d4   0x080084d4   0x0000003e   Code   RO         1966    i.rt_alloc_mem      RTX_CM4.lib(rt_memory.o)
    0x08008512   0x08008512   0x00000002   PAD
    0x08008514   0x08008514   0x00000038   Code   RO         1519    i.rt_block          RTX_CM4.lib(rt_task.o)
    0x0800854c   0x0800854c   0x00000048   Code   RO         2043    i.rt_chk_robin      RTX_CM4.lib(rt_robin.o)
    0x08008594   0x08008594   0x00000070   Code   RO         1740    i.rt_dec_dly        RTX_CM4.lib(rt_list.o)
    0x08008604   0x08008604   0x00000044   Code   RO         1520    i.rt_dispatch       RTX_CM4.lib(rt_task.o)
    0x08008648   0x08008648   0x00000006   Code   RO         1486    i.rt_dly_wait       RTX_CM4.lib(rt_time.o)
    0x0800864e   0x0800864e   0x00000002   PAD
    0x08008650   0x08008650   0x00000050   Code   RO         1697    i.rt_evt_psh        RTX_CM4.lib(rt_event.o)
    0x080086a0   0x080086a0   0x0000005c   Code   RO         1698    i.rt_evt_set        RTX_CM4.lib(rt_event.o)
    0x080086fc   0x080086fc   0x0000003c   Code   RO         1699    i.rt_evt_wait       RTX_CM4.lib(rt_event.o)
    0x08008738   0x08008738   0x0000002c   Code   RO         1939    i.rt_free_box       RTX_CM4.lib(rt_membox.o)
    0x08008764   0x08008764   0x00000028   Code   RO         1967    i.rt_free_mem       RTX_CM4.lib(rt_memory.o)
    0x0800878c   0x0800878c   0x00000028   Code   RO         1741    i.rt_get_first      RTX_CM4.lib(rt_list.o)
    0x080087b4   0x080087b4   0x00000024   Code   RO         1742    i.rt_get_same_rdy_prio  RTX_CM4.lib(rt_list.o)
    0x080087d8   0x080087d8   0x00000008   Code   RO          911    i.rt_id2obj         RTX_CM4.lib(rt_cmsis.o)
    0x080087e0   0x080087e0   0x00000048   Code   RO         1521    i.rt_init_context   RTX_CM4.lib(rt_task.o)
    0x08008828   0x08008828   0x0000001a   Code   RO         1968    i.rt_init_mem       RTX_CM4.lib(rt_memory.o)
    0x08008842   0x08008842   0x00000002   PAD
    0x08008844   0x08008844   0x00000018   Code   RO         2044    i.rt_init_robin     RTX_CM4.lib(rt_robin.o)
    0x0800885c   0x0800885c   0x00000080   Code   RO         1993    i.rt_init_stack     RTX_CM4.lib(hal_cm.o)
    0x080088dc   0x080088dc   0x00000008   Code   RO         1818    i.rt_mbx_check      RTX_CM4.lib(rt_mailbox.o)
    0x080088e4   0x080088e4   0x0000001a   Code   RO         1819    i.rt_mbx_init       RTX_CM4.lib(rt_mailbox.o)
    0x080088fe   0x080088fe   0x00000002   PAD
    0x08008900   0x08008900   0x000000f0   Code   RO         1820    i.rt_mbx_psh        RTX_CM4.lib(rt_mailbox.o)
    0x080089f0   0x080089f0   0x000000b4   Code   RO         1822    i.rt_mbx_wait       RTX_CM4.lib(rt_mailbox.o)
    0x08008aa4   0x08008aa4   0x00000044   Code   RO          912    i.rt_ms2tick        RTX_CM4.lib(rt_cmsis.o)
    0x08008ae8   0x08008ae8   0x0000007c   Code   RO         1608    i.rt_pop_req        RTX_CM4.lib(rt_system.o)
    0x08008b64   0x08008b64   0x00000020   Code   RO         1609    i.rt_psh_req        RTX_CM4.lib(rt_system.o)
    0x08008b84   0x08008b84   0x0000005c   Code   RO         1743    i.rt_psq_enq        RTX_CM4.lib(rt_list.o)
    0x08008be0   0x08008be0   0x00000048   Code   RO         1744    i.rt_put_dly        RTX_CM4.lib(rt_list.o)
    0x08008c28   0x08008c28   0x00000036   Code   RO         1745    i.rt_put_prio       RTX_CM4.lib(rt_list.o)
    0x08008c5e   0x08008c5e   0x00000002   PAD
    0x08008c60   0x08008c60   0x00000014   Code   RO         1746    i.rt_put_rdy_first  RTX_CM4.lib(rt_list.o)
    0x08008c74   0x08008c74   0x00000034   Code   RO         1747    i.rt_resort_prio    RTX_CM4.lib(rt_list.o)
    0x08008ca8   0x08008ca8   0x00000010   Code   RO         1994    i.rt_ret_regs       RTX_CM4.lib(hal_cm.o)
    0x08008cb8   0x08008cb8   0x0000000c   Code   RO         1995    i.rt_ret_val        RTX_CM4.lib(hal_cm.o)
    0x08008cc4   0x08008cc4   0x00000010   Code   RO         1996    i.rt_ret_val2       RTX_CM4.lib(hal_cm.o)
    0x08008cd4   0x08008cd4   0x00000028   Code   RO         1748    i.rt_rmv_dly        RTX_CM4.lib(rt_list.o)
    0x08008cfc   0x08008cfc   0x00000030   Code   RO         1749    i.rt_rmv_list       RTX_CM4.lib(rt_list.o)
    0x08008d2c   0x08008d2c   0x0000000c   Code   RO         1866    i.rt_sem_init       RTX_CM4.lib(rt_semaphore.o)
    0x08008d38   0x08008d38   0x00000034   Code   RO         1867    i.rt_sem_psh        RTX_CM4.lib(rt_semaphore.o)
    0x08008d6c   0x08008d6c   0x0000002a   Code   RO         1868    i.rt_sem_send       RTX_CM4.lib(rt_semaphore.o)
    0x08008d96   0x08008d96   0x00000002   PAD
    0x08008d98   0x08008d98   0x00000040   Code   RO         1869    i.rt_sem_wait       RTX_CM4.lib(rt_semaphore.o)
    0x08008dd8   0x08008dd8   0x00000024   Code   RO         1611    i.rt_stk_check      RTX_CM4.lib(rt_system.o)
    0x08008dfc   0x08008dfc   0x00000028   Code   RO         1522    i.rt_switch_req     RTX_CM4.lib(rt_task.o)
    0x08008e24   0x08008e24   0x000000cc   Code   RO         1523    i.rt_sys_init       RTX_CM4.lib(rt_task.o)
    0x08008ef0   0x08008ef0   0x00000078   Code   RO         1524    i.rt_sys_start      RTX_CM4.lib(rt_task.o)
    0x08008f68   0x08008f68   0x00000040   Code   RO         1613    i.rt_systick        RTX_CM4.lib(rt_system.o)
    0x08008fa8   0x08008fa8   0x00000012   Code   RO          913    i.rt_tid2ptcb       RTX_CM4.lib(rt_cmsis.o)
    0x08008fba   0x08008fba   0x00000002   PAD
    0x08008fbc   0x08008fbc   0x00000034   Code   RO          914    i.rt_timer_insert   RTX_CM4.lib(rt_cmsis.o)
    0x08008ff0   0x08008ff0   0x00000088   Code   RO         1525    i.rt_tsk_create     RTX_CM4.lib(rt_task.o)
    0x08009078   0x08009078   0x0000017c   Code   RO         1526    i.rt_tsk_delete     RTX_CM4.lib(rt_task.o)
    0x080091f4   0x080091f4   0x00000030   Code   RO         1527    i.rt_tsk_pass       RTX_CM4.lib(rt_task.o)
    0x08009224   0x08009224   0x0000007c   Code   RO         1528    i.rt_tsk_prio       RTX_CM4.lib(rt_task.o)
    0x080092a0   0x080092a0   0x00000010   Code   RO         1529    i.rt_tsk_self       RTX_CM4.lib(rt_task.o)
    0x080092b0   0x080092b0   0x00000012   Code   RO          916    i.svcDelay          RTX_CM4.lib(rt_cmsis.o)
    0x080092c2   0x080092c2   0x00000002   PAD
    0x080092c4   0x080092c4   0x00000070   Code   RO          917    i.svcKernelInitialize  RTX_CM4.lib(rt_cmsis.o)
    0x08009334   0x08009334   0x00000048   Code   RO          919    i.svcKernelStart    RTX_CM4.lib(rt_cmsis.o)
    0x0800937c   0x0800937c   0x00000024   Code   RO          922    i.svcMessageCreate  RTX_CM4.lib(rt_cmsis.o)
    0x080093a0   0x080093a0   0x0000003a   Code   RO          923    i.svcMessageGet     RTX_CM4.lib(rt_cmsis.o)
    0x080093da   0x080093da   0x00000024   Code   RO          930    i.svcSemaphoreCreate  RTX_CM4.lib(rt_cmsis.o)
    0x080093fe   0x080093fe   0x00000028   Code   RO          932    i.svcSemaphoreRelease  RTX_CM4.lib(rt_cmsis.o)
    0x08009426   0x08009426   0x00000032   Code   RO          933    i.svcSemaphoreWait  RTX_CM4.lib(rt_cmsis.o)
    0x08009458   0x08009458   0x00000024   Code   RO          935    i.svcSignalSet      RTX_CM4.lib(rt_cmsis.o)
    0x0800947c   0x0800947c   0x00000054   Code   RO          936    i.svcSignalWait     RTX_CM4.lib(rt_cmsis.o)
    0x080094d0   0x080094d0   0x00000070   Code   RO          937    i.svcThreadCreate   RTX_CM4.lib(rt_cmsis.o)
    0x08009540   0x08009540   0x0000001c   Code   RO          938    i.svcThreadGetId    RTX_CM4.lib(rt_cmsis.o)
    0x0800955c   0x0800955c   0x00000038   Code   RO          941    i.svcThreadTerminate  RTX_CM4.lib(rt_cmsis.o)
    0x08009594   0x08009594   0x0000000a   Code   RO          942    i.svcThreadYield    RTX_CM4.lib(rt_cmsis.o)
    0x0800959e   0x0800959e   0x00000018   Code   RO          943    i.svcTimerCall      RTX_CM4.lib(rt_cmsis.o)
    0x080095b6   0x080095b6   0x00000002   PAD
    0x080095b8   0x080095b8   0x0000005c   Code   RO          952    i.sysTimerTick      RTX_CM4.lib(rt_cmsis.o)
    0x08009614   0x08009614   0x00000018   Data   RO            5    .constdata          main.o
    0x0800962c   0x0800962c   0x00000014   Data   RO          229    .constdata          accelerometer.o
    0x08009640   0x08009640   0x00000040   Data   RO          337    .constdata          keypad.o
    0x08009680   0x08009680   0x00000068   Data   RO          424    .constdata          rtx_conf_cm.o
    0x080096e8   0x080096e8   0x00000008   Data   RO          544    .constdata          stm32f4xx_hal_dma.o
    0x080096f0   0x080096f0   0x00000010   Data   RO          665    .constdata          stm32f4xx_hal_rcc.o
    0x08009700   0x08009700   0x00000010   Data   RO          831    .constdata          system_stm32f4xx.o
    0x08009710   0x08009710   0x00000020   Data   RO         2385    Region$$Table       anon$$obj.o


    Execution Region RW_IRAM1 (Exec base: 0x20000000, Load base: 0x08009730, Size: 0x00004e60, Max: 0x00020000, ABSOLUTE)

    Exec Addr    Load Addr    Size         Type   Attr      Idx    E Section Name        Object

    0x20000000   0x08009730   0x00000024   Data   RW            6    .data               main.o
    0x20000024   0x08009754   0x000000a0   Data   RW          230    .data               accelerometer.o
    0x200000c4   0x080097f4   0x00000009   Data   RW          338    .data               keypad.o
    0x200000cd   0x080097fd   0x00000003   PAD
    0x200000d0   0x08009800   0x00000004   Data   RW          398    .data               lis3dsh_1.o
    0x200000d4   0x08009804   0x00000010   Data   RW          425    .data               rtx_conf_cm.o
    0x200000e4   0x08009814   0x00000004   Data   RW          454    .data               stm32f4xx_hal.o
    0x200000e8   0x08009818   0x00000004   Data   RW          832    .data               system_stm32f4xx.o
    0x200000ec   0x0800981c   0x00000008   Data   RW          955    .data               RTX_CM4.lib(rt_cmsis.o)
    0x200000f4   0x08009824   0x00000004   Data   RW         1490    .data               RTX_CM4.lib(rt_time.o)
    0x200000f8   0x08009828   0x00000008   Data   RW         1531    .data               RTX_CM4.lib(rt_task.o)
    0x20000100   0x08009830   0x00000008   Data   RW         1616    .data               RTX_CM4.lib(rt_system.o)
    0x20000108   0x08009838   0x00000001   Data   RW         1997    .data               RTX_CM4.lib(hal_cm.o)
    0x20000109   0x08009839   0x00000003   PAD
    0x2000010c   0x0800983c   0x00000008   Data   RW         2045    .data               RTX_CM4.lib(rt_robin.o)
    0x20000114   0x08009844   0x00000004   Data   RW         2361    .data               mc_w.l(stdout.o)
    0x20000118        -       0x0000006c   Zero   RW          228    .bss                accelerometer.o
    0x20000184        -       0x00000078   Zero   RW          366    .bss                tim.o
    0x200001fc        -       0x00000058   Zero   RW          397    .bss                lis3dsh_1.o
    0x20000254   0x08009848   0x00000004   PAD
    0x20000258        -       0x000047a0   Zero   RW          423    .bss                rtx_conf_cm.o
    0x200049f8        -       0x00000034   Zero   RW         1530    .bss                RTX_CM4.lib(rt_task.o)
    0x20004a2c        -       0x00000030   Zero   RW         1750    .bss                RTX_CM4.lib(rt_list.o)
    0x20004a5c   0x08009848   0x00000004   PAD
    0x20004a60        -       0x00000400   Zero   RW          820    STACK               startup_stm32f407xx.o


==============================================================================

Image component sizes


      Code (inc. data)   RO Data    RW Data    ZI Data      Debug   Object Name

       740         92         20        160        108       3923   accelerometer.o
        56          4          0          0          0      28347   fput_debug.o
       592         28          0          0          0       1291   gpio.o
      1024         64         64          9          0       3196   keypad.o
      1472        120          0          4         88       5069   lis3dsh_1.o
       484         56         24         36          0     385886   main.o
        62          6        104         16      18336       7462   rtx_conf_cm.o
        36          8        392          0       1024        852   startup_stm32f407xx.o
       432         26          0          4          0       5002   stm32f4xx_hal.o
       852         22          0          0          0      33595   stm32f4xx_hal_cortex.o
      1560         16          8          0          0       5216   stm32f4xx_hal_dma.o
       972         50          0          0          0       3903   stm32f4xx_hal_gpio.o
        20          0          0          0          0        482   stm32f4xx_hal_msp.o
      2636         66         16          0          0       5810   stm32f4xx_hal_rcc.o
      5528         54          0          0          0      13856   stm32f4xx_hal_spi.o
     10240        152          0          0          0      32698   stm32f4xx_hal_tim.o
      3464         26          0          0          0      12430   stm32f4xx_hal_tim_ex.o
        64         16          0          0          0        611   stm32f4xx_it.o
       288         32         16          4          0       1615   system_stm32f4xx.o
       628         48          0          0        120       2266   tim.o

    ----------------------------------------------------------------------
     31152        886        676        236      19680     553510   Object Totals
         0          0         32          0          0          0   (incl. Generated)
         2          0          0          3          4          0   (incl. Padding)

    ----------------------------------------------------------------------

      Code (inc. data)   RO Data    RW Data    ZI Data      Debug   Library Member Name

       268         24          0          1          0       4452   hal_cm.o
       408         34          0          0          0        816   hal_cm4.o
      1660        188          0          8          0      44446   rt_cmsis.o
       272         18          0          0          0       2810   rt_event.o
       566         44          0          0         48       9176   rt_list.o
       554         10          0          0          0       4189   rt_mailbox.o
       140          0          0          0          0       2045   rt_membox.o
       128          0          0          0          0       2419   rt_memory.o
        96         22          0          8          0       1230   rt_robin.o
       186         10          0          0          0       3102   rt_semaphore.o
       298         52          0          8          0       6439   rt_system.o
      1264        184          0          8         52      10563   rt_task.o
         6          0          0          4          0        684   rt_time.o
         4          4          0          0          0        200   svc_table.o
         0          0          0          0          0          0   entry.o
         0          0          0          0          0          0   entry10a.o
         0          0          0          0          0          0   entry11a.o
         8          4          0          0          0          0   entry2.o
         4          0          0          0          0          0   entry5.o
         0          0          0          0          0          0   entry7b.o
         0          0          0          0          0          0   entry8b.o
        30          0          0          0          0          0   handlers.o
        36          8          0          0          0         68   init.o
         0          0          0          0          0          0   iusefp.o
        30          0          0          0          0         68   llshl.o
        32          0          0          0          0         68   llushr.o
       246         10          0          0          0        176   printf2.o
         0          0          0          4          0          0   stdout.o
        56          0          0          0          0         88   d2f.o
       186          0          0          0          0        176   depilogue.o
       228          0          0          0          0         96   dmul.o
        38          0          0          0          0         68   f2d.o
       110          0          0          0          0        168   fepilogue.o

    ----------------------------------------------------------------------
      6876        612          0         44        104      93547   Library Totals
        22          0          0          3          4          0   (incl. Padding)

    ----------------------------------------------------------------------

      Code (inc. data)   RO Data    RW Data    ZI Data      Debug   Library Name

      5850        590          0         37        100      92571   RTX_CM4.lib
       386         22          0          4          0        380   mc_w.l
       618          0          0          0          0        596   mf_w.l

    ----------------------------------------------------------------------
      6876        612          0         44        104      93547   Library Totals

    ----------------------------------------------------------------------

==============================================================================


      Code (inc. data)   RO Data    RW Data    ZI Data      Debug   

     38028       1498        676        280      19784     633497   Grand Totals
     38028       1498        676        280      19784     633497   ELF Image Totals
     38028       1498        676        280          0          0   ROM Totals

==============================================================================

    Total RO  Size (Code + RO Data)                38704 (  37.80kB)
    Total RW  Size (RW Data + ZI Data)             20064 (  19.59kB)
    Total ROM Size (Code + RO Data + RW Data)      38984 (  38.07kB)

==============================================================================

