<html>
<body>
<pre>
<h1>µVision Build Log</h1>
<h2>Tool Versions:</h2>
IDE-Version: µVision V5.15
Copyright (C) 2015 ARM Ltd and ARM Germany GmbH. All rights reserved.
License Information: ECE IT McGill McGill University Flex license: MDK-ARM Professional: 100 user(s) (mdk_pro) Operation stops: 27 Aug 2018
 
Tool Versions:
Toolchain:       MDK-ARM Professional: 100 user(s)  Version: 5.15.0
Toolchain Path:  C:\Keil_v5\ARM\ARMCC\Bin
C Compiler:      Armcc.exe V5.05 update 2 (build 169)
Assembler:       Armasm.exe V5.05 update 2 (build 169)
Linker/Locator:  ArmLink.exe V5.05 update 2 (build 169)
Library Manager: ArmAr.exe V5.05 update 2 (build 169)
Hex Converter:   FromElf.exe V5.05 update 2 (build 169)
CPU DLL:         SARMCM3.DLL V5.15.0
Dialog DLL:      DCM.DLL V1.13.2.0
Target DLL:      STLink\ST-LINKIII-KEIL_SWO.dll V2.0.15.0_KEIL
Dialog DLL:      TCM.DLL V1.14.5.0
 
<h2>Project:</h2>
H:\ECSE426-Labs\Lab3_STM32F4_Base_project\MDK-ARM\lab3.uvprojx
Project File Date:  11/07/2017

<h2>Output:</h2>
*** Using Compiler 'V5.05 update 2 (build 169)', folder: 'C:\Keil_v5\ARM\ARMCC\Bin'
Build target 'lab3 Configuration'
compiling main.c...
../Inc/keypad.h(5): warning:  #1-D: last line of file ends without a newline
  char Read_KP_Value(void);
../Inc/accelerometer.h(1): warning:  #1-D: last line of file ends without a newline
  void Calibrate_ACC_Value(float *value);
../Inc/display.h(4): warning:  #1-D: last line of file ends without a newline
  void digitSelect(int* digitArray,int currentDigit );
../Src/main.c(48): warning:  #1295-D: Deprecated declaration toggleDigit - give arg types
  int toggleDigit();
../Src/main.c(144): warning:  #177-D: variable "reset_threshold" was declared but never referenced
                const int reset_threshold = 100000;
../Src/main.c(145): warning:  #177-D: variable "sleep_threshold" was declared but never referenced
                const int sleep_threshold = 350000;
../Src/main.c(62): warning:  #177-D: variable "bufferLen" was declared but never referenced
  static int bufferLen = 3;
../Src/main.c: 7 warnings, 0 errors
linking...
Program Size: Code=15300 RO-data=724 RW-data=136 ZI-data=1320  
"lab3 Configuration/\.axf" - 0 Error(s), 7 Warning(s).

<h2>Software Packages used:</h2>

Package Vendor: ARM
                http://www.keil.com/pack/ARM.CMSIS.5.0.1.pack
                ARM::CMSIS:CORE:5.0.1
                CMSIS (Cortex Microcontroller Software Interface Standard)
   * Component: CORE Version: 5.0.1

<h2>Collection of Component include folders:</h2>
  H:\ECSE426-Labs\Lab3_STM32F4_Base_project\MDK-ARM\RTE
  C:\Keil_v5\ARM\PACK\ARM\CMSIS\5.0.1\CMSIS\Include
  C:\Keil_v5\ARM\PACK\Keil\STM32F4xx_DFP\2.11.0\Drivers\CMSIS\Device\ST\STM32F4xx\Include

<h2>Collection of Component Files used:</h2>

   * Component: ARM::CMSIS:CORE:5.0.1
</pre>
</body>
</html>
